Archive member included to satisfy reference by file (symbol)

C:/ST/STM32CubeIDE_1.13.2/STM32CubeIDE/plugins/com.st.stm32cube.ide.mcu.externaltools.gnu-tools-for-stm32.11.3.rel1.win32_1.1.1.202309131626/tools/bin/../lib/gcc/arm-none-eabi/11.3.1/../../../../arm-none-eabi/lib/thumb/v7-m/nofp\libc_nano.a(libc_a-exit.o)
                              C:/ST/STM32CubeIDE_1.13.2/STM32CubeIDE/plugins/com.st.stm32cube.ide.mcu.externaltools.gnu-tools-for-stm32.11.3.rel1.win32_1.1.1.202309131626/tools/bin/../lib/gcc/arm-none-eabi/11.3.1/../../../../arm-none-eabi/lib/thumb/v7-m/nofp/crt0.o (exit)
C:/ST/STM32CubeIDE_1.13.2/STM32CubeIDE/plugins/com.st.stm32cube.ide.mcu.externaltools.gnu-tools-for-stm32.11.3.rel1.win32_1.1.1.202309131626/tools/bin/../lib/gcc/arm-none-eabi/11.3.1/../../../../arm-none-eabi/lib/thumb/v7-m/nofp\libc_nano.a(libc_a-findfp.o)
                              C:/ST/STM32CubeIDE_1.13.2/STM32CubeIDE/plugins/com.st.stm32cube.ide.mcu.externaltools.gnu-tools-for-stm32.11.3.rel1.win32_1.1.1.202309131626/tools/bin/../lib/gcc/arm-none-eabi/11.3.1/../../../../arm-none-eabi/lib/thumb/v7-m/nofp\libc_nano.a(libc_a-exit.o) (__stdio_exit_handler)
C:/ST/STM32CubeIDE_1.13.2/STM32CubeIDE/plugins/com.st.stm32cube.ide.mcu.externaltools.gnu-tools-for-stm32.11.3.rel1.win32_1.1.1.202309131626/tools/bin/../lib/gcc/arm-none-eabi/11.3.1/../../../../arm-none-eabi/lib/thumb/v7-m/nofp\libc_nano.a(libc_a-fwalk.o)
                              C:/ST/STM32CubeIDE_1.13.2/STM32CubeIDE/plugins/com.st.stm32cube.ide.mcu.externaltools.gnu-tools-for-stm32.11.3.rel1.win32_1.1.1.202309131626/tools/bin/../lib/gcc/arm-none-eabi/11.3.1/../../../../arm-none-eabi/lib/thumb/v7-m/nofp\libc_nano.a(libc_a-findfp.o) (_fwalk_sglue)
C:/ST/STM32CubeIDE_1.13.2/STM32CubeIDE/plugins/com.st.stm32cube.ide.mcu.externaltools.gnu-tools-for-stm32.11.3.rel1.win32_1.1.1.202309131626/tools/bin/../lib/gcc/arm-none-eabi/11.3.1/../../../../arm-none-eabi/lib/thumb/v7-m/nofp\libc_nano.a(libc_a-snprintf.o)
                              ./HAL/lcd.o (snprintf)
C:/ST/STM32CubeIDE_1.13.2/STM32CubeIDE/plugins/com.st.stm32cube.ide.mcu.externaltools.gnu-tools-for-stm32.11.3.rel1.win32_1.1.1.202309131626/tools/bin/../lib/gcc/arm-none-eabi/11.3.1/../../../../arm-none-eabi/lib/thumb/v7-m/nofp\libc_nano.a(libc_a-stdio.o)
                              C:/ST/STM32CubeIDE_1.13.2/STM32CubeIDE/plugins/com.st.stm32cube.ide.mcu.externaltools.gnu-tools-for-stm32.11.3.rel1.win32_1.1.1.202309131626/tools/bin/../lib/gcc/arm-none-eabi/11.3.1/../../../../arm-none-eabi/lib/thumb/v7-m/nofp\libc_nano.a(libc_a-findfp.o) (__sread)
C:/ST/STM32CubeIDE_1.13.2/STM32CubeIDE/plugins/com.st.stm32cube.ide.mcu.externaltools.gnu-tools-for-stm32.11.3.rel1.win32_1.1.1.202309131626/tools/bin/../lib/gcc/arm-none-eabi/11.3.1/../../../../arm-none-eabi/lib/thumb/v7-m/nofp\libc_nano.a(libc_a-memset.o)
                              C:/ST/STM32CubeIDE_1.13.2/STM32CubeIDE/plugins/com.st.stm32cube.ide.mcu.externaltools.gnu-tools-for-stm32.11.3.rel1.win32_1.1.1.202309131626/tools/bin/../lib/gcc/arm-none-eabi/11.3.1/../../../../arm-none-eabi/lib/thumb/v7-m/nofp/crt0.o (memset)
C:/ST/STM32CubeIDE_1.13.2/STM32CubeIDE/plugins/com.st.stm32cube.ide.mcu.externaltools.gnu-tools-for-stm32.11.3.rel1.win32_1.1.1.202309131626/tools/bin/../lib/gcc/arm-none-eabi/11.3.1/../../../../arm-none-eabi/lib/thumb/v7-m/nofp\libc_nano.a(libc_a-closer.o)
                              C:/ST/STM32CubeIDE_1.13.2/STM32CubeIDE/plugins/com.st.stm32cube.ide.mcu.externaltools.gnu-tools-for-stm32.11.3.rel1.win32_1.1.1.202309131626/tools/bin/../lib/gcc/arm-none-eabi/11.3.1/../../../../arm-none-eabi/lib/thumb/v7-m/nofp\libc_nano.a(libc_a-stdio.o) (_close_r)
C:/ST/STM32CubeIDE_1.13.2/STM32CubeIDE/plugins/com.st.stm32cube.ide.mcu.externaltools.gnu-tools-for-stm32.11.3.rel1.win32_1.1.1.202309131626/tools/bin/../lib/gcc/arm-none-eabi/11.3.1/../../../../arm-none-eabi/lib/thumb/v7-m/nofp\libc_nano.a(libc_a-reent.o)
                              C:/ST/STM32CubeIDE_1.13.2/STM32CubeIDE/plugins/com.st.stm32cube.ide.mcu.externaltools.gnu-tools-for-stm32.11.3.rel1.win32_1.1.1.202309131626/tools/bin/../lib/gcc/arm-none-eabi/11.3.1/../../../../arm-none-eabi/lib/thumb/v7-m/nofp\libc_nano.a(libc_a-closer.o) (errno)
C:/ST/STM32CubeIDE_1.13.2/STM32CubeIDE/plugins/com.st.stm32cube.ide.mcu.externaltools.gnu-tools-for-stm32.11.3.rel1.win32_1.1.1.202309131626/tools/bin/../lib/gcc/arm-none-eabi/11.3.1/../../../../arm-none-eabi/lib/thumb/v7-m/nofp\libc_nano.a(libc_a-impure.o)
                              C:/ST/STM32CubeIDE_1.13.2/STM32CubeIDE/plugins/com.st.stm32cube.ide.mcu.externaltools.gnu-tools-for-stm32.11.3.rel1.win32_1.1.1.202309131626/tools/bin/../lib/gcc/arm-none-eabi/11.3.1/../../../../arm-none-eabi/lib/thumb/v7-m/nofp\libc_nano.a(libc_a-snprintf.o) (_impure_ptr)
[...]
Memory Configuration

Name             Origin             Length             Attributes
RAM              0x0000000020000000 0x0000000000002800 xrw
FLASH            0x0000000008000000 0x0000000000008000 xr
*default*        0x0000000000000000 0xffffffffffffffff

Linker script and memory map

LOAD C:/ST/STM32CubeIDE_1.13.2/STM32CubeIDE/plugins/com.st.stm32cube.ide.mcu.externaltools.gnu-tools-for-stm32.11.3.rel1.win32_1.1.1.202309131626/tools/bin/../lib/gcc/arm-none-eabi/11.3.1/thumb/v7-m/nofp/crti.o
LOAD C:/ST/STM32CubeIDE_1.13.2/STM32CubeIDE/plugins/com.st.stm32cube.ide.mcu.externaltools.gnu-tools-for-stm32.11.3.rel1.win32_1.1.1.202309131626/tools/bin/../lib/gcc/arm-none-eabi/11.3.1/thumb/v7-m/nofp/crtbegin.o
LOAD C:/ST/STM32CubeIDE_1.13.2/STM32CubeIDE/plugins/com.st.stm32cube.ide.mcu.externaltools.gnu-tools-for-stm32.11.3.rel1.win32_1.1.1.202309131626/tools/bin/../lib/gcc/arm-none-eabi/11.3.1/../../../../arm-none-eabi/lib/thumb/v7-m/nofp/crt0.o
LOAD ./HAL/keyPad.o
LOAD ./HAL/lcd.o
LOAD ./Src/main.o
LOAD ./Src/syscalls.o
LOAD ./Src/sysmem.o
LOAD ./Startup/startup_stm32f103c6tx.o
LOAD ./stm32f103x6_drivers/stm32f103x6_gpio_driver.o
START GROUP
LOAD C:/ST/STM32CubeIDE_1.13.2/STM32CubeIDE/plugins/com.st.stm32cube.ide.mcu.externaltools.gnu-tools-for-stm32.11.3.rel1.win32_1.1.1.202309131626/tools/bin/../lib/gcc/arm-none-eabi/11.3.1/../../../../arm-none-eabi/lib/thumb/v7-m/nofp\libc_nano.a
LOAD C:/ST/STM32CubeIDE_1.13.2/STM32CubeIDE/plugins/com.st.stm32cube.ide.mcu.externaltools.gnu-tools-for-stm32.11.3.rel1.win32_1.1.1.202309131626/tools/bin/../lib/gcc/arm-none-eabi/11.3.1/../../../../arm-none-eabi/lib/thumb/v7-m/nofp\libm.a
END GROUP
START GROUP
LOAD C:/ST/STM32CubeIDE_1.13.2/STM32CubeIDE/plugins/com.st.stm32cube.ide.mcu.externaltools.gnu-tools-for-stm32.11.3.rel1.win32_1.1.1.202309131626/tools/bin/../lib/gcc/arm-none-eabi/11.3.1/thumb/v7-m/nofp\libgcc.a
LOAD C:/ST/STM32CubeIDE_1.13.2/STM32CubeIDE/plugins/com.st.stm32cube.ide.mcu.externaltools.gnu-tools-for-stm32.11.3.rel1.win32_1.1.1.202309131626/tools/bin/../lib/gcc/arm-none-eabi/11.3.1/../../../../arm-none-eabi/lib/thumb/v7-m/nofp\libg_nano.a
LOAD C:/ST/STM32CubeIDE_1.13.2/STM32CubeIDE/plugins/com.st.stm32cube.ide.mcu.externaltools.gnu-tools-for-stm32.11.3.rel1.win32_1.1.1.202309131626/tools/bin/../lib/gcc/arm-none-eabi/11.3.1/../../../../arm-none-eabi/lib/thumb/v7-m/nofp\libc_nano.a
END GROUP
START GROUP
LOAD C:/ST/STM32CubeIDE_1.13.2/STM32CubeIDE/plugins/com.st.stm32cube.ide.mcu.externaltools.gnu-tools-for-stm32.11.3.rel1.win32_1.1.1.202309131626/tools/bin/../lib/gcc/arm-none-eabi/11.3.1/thumb/v7-m/nofp\libgcc.a
LOAD C:/ST/STM32CubeIDE_1.13.2/STM32CubeIDE/plugins/com.st.stm32cube.ide.mcu.externaltools.gnu-tools-for-stm32.11.3.rel1.win32_1.1.1.202309131626/tools/bin/../lib/gcc/arm-none-eabi/11.3.1/../../../../arm-none-eabi/lib/thumb/v7-m/nofp\libc_nano.a
LOAD C:/ST/STM32CubeIDE_1.13.2/STM32CubeIDE/plugins/com.st.stm32cube.ide.mcu.externaltools.gnu-tools-for-stm32.11.3.rel1.win32_1.1.1.202309131626/tools/bin/../lib/gcc/arm-none-eabi/11.3.1/../../../../arm-none-eabi/lib/thumb/v7-m/nofp\libnosys.a
END GROUP
START GROUP
LOAD C:/ST/STM32CubeIDE_1.13.2/STM32CubeIDE/plugins/com.st.stm32cube.ide.mcu.externaltools.gnu-tools-for-stm32.11.3.rel1.win32_1.1.1.202309131626/tools/bin/../lib/gcc/arm-none-eabi/11.3.1/thumb/v7-m/nofp\libgcc.a
LOAD C:/ST/STM32CubeIDE_1.13.2/STM32CubeIDE/plugins/com.st.stm32cube.ide.mcu.externaltools.gnu-tools-for-stm32.11.3.rel1.win32_1.1.1.202309131626/tools/bin/../lib/gcc/arm-none-eabi/11.3.1/../../../../arm-none-eabi/lib/thumb/v7-m/nofp\libc_nano.a
LOAD C:/ST/STM32CubeIDE_1.13.2/STM32CubeIDE/plugins/com.st.stm32cube.ide.mcu.externaltools.gnu-tools-for-stm32.11.3.rel1.win32_1.1.1.202309131626/tools/bin/../lib/gcc/arm-none-eabi/11.3.1/../../../../arm-none-eabi/lib/thumb/v7-m/nofp\libnosys.a
END GROUP
LOAD C:/ST/STM32CubeIDE_1.13.2/STM32CubeIDE/plugins/com.st.stm32cube.ide.mcu.externaltools.gnu-tools-for-stm32.11.3.rel1.win32_1.1.1.202309131626/tools/bin/../lib/gcc/arm-none-eabi/11.3.1/thumb/v7-m/nofp/crtend.o
LOAD C:/ST/STM32CubeIDE_1.13.2/STM32CubeIDE/plugins/com.st.stm32cube.ide.mcu.externaltools.gnu-tools-for-stm32.11.3.rel1.win32_1.1.1.202309131626/tools/bin/../lib/gcc/arm-none-eabi/11.3.1/thumb/v7-m/nofp/crtn.o
                0x0000000020002800                _estack = (ORIGIN (RAM) + LENGTH (RAM))
                0x0000000000000200                _Min_Heap_Size = 0x200
                0x0000000000000400                _Min_Stack_Size = 0x400

.isr_vector     0x0000000008000000      0x130
                0x0000000008000000                . = ALIGN (0x4)
 *(.isr_vector)
 .isr_vector    0x0000000008000000      0x130 ./Startup/startup_stm32f103c6tx.o
                0x0000000008000000                g_pfnVectors
                0x0000000008000130                . = ALIGN (0x4)

.text           0x0000000008000130      0x8dc
                0x0000000008000130                . = ALIGN (0x4)
 *(.text)
 .text          0x0000000008000130       0x40 C:/ST/STM32CubeIDE_1.13.2/STM32CubeIDE/plugins/com.st.stm32cube.ide.mcu.externaltools.gnu-tools-for-stm32.11.3.rel1.win32_1.1.1.202309131626/tools/bin/../lib/gcc/arm-none-eabi/11.3.1/thumb/v7-m/nofp/crtbegin.o
 *(.text*)
 .text.Keypad_init
                0x0000000008000170       0x1c ./HAL/keyPad.o
                0x0000000008000170                Keypad_init
 .text.Keypad_getkey
                0x000000000800018c       0xa0 ./HAL/keyPad.o
                0x000000000800018c                Keypad_getkey
 .text.keypad_gpio_init
                0x000000000800022c       0x90 ./HAL/keyPad.o
                0x000000000800022c                keypad_gpio_init
 .text.LCD_init
                0x00000000080002bc       0x32 ./HAL/lcd.o
                0x00000000080002bc                LCD_init
 *fill*         0x00000000080002ee        0x2 
 .text.LCD_lcd_kick
                0x00000000080002f0       0x24 ./HAL/lcd.o
                0x00000000080002f0                LCD_lcd_kick
 .text.LCD_writeCommand
                0x0000000008000314       0xd8 ./HAL/lcd.o
                0x0000000008000314                LCD_writeCommand
 .text.LCD_writeChar
                0x00000000080003ec       0xfc ./HAL/lcd.o
                0x00000000080003ec                LCD_writeChar
 .text.LCD_goTo_X_and_Y
                0x00000000080004e8       0x38 ./HAL/lcd.o
                0x00000000080004e8                LCD_goTo_X_and_Y
 .text.Lcd_gpio_init
                0x0000000008000520       0x7c ./HAL/lcd.o
                0x0000000008000520                Lcd_gpio_init
 .text.delay    0x000000000800059c       0x40 ./HAL/lcd.o
                0x000000000800059c                delay
 .text.main     0x00000000080005dc       0x2a ./Src/main.o
                0x00000000080005dc                main
 *fill*         0x0000000008000606        0x2 
 .text.clock_init
                0x0000000008000608       0x28 ./Src/main.o
                0x0000000008000608                clock_init
 .text.Reset_Handler
                0x0000000008000630       0x50 ./Startup/startup_stm32f103c6tx.o
                0x0000000008000630                Reset_Handler
 .text.Default_Handler
                0x0000000008000680        0x2 ./Startup/startup_stm32f103c6tx.o
                0x0000000008000680                EXTI2_IRQHandler
                0x0000000008000680                TIM8_TRG_COM_IRQHandler
                0x0000000008000680                TIM8_CC_IRQHandler
                0x0000000008000680                DebugMon_Handler
                0x0000000008000680                TIM1_CC_IRQHandler
                0x0000000008000680                HardFault_Handler
                0x0000000008000680                TIM6_IRQHandler
                0x0000000008000680                SysTick_Handler
                0x0000000008000680                PVD_IRQHandler
                0x0000000008000680                SDIO_IRQHandler
                0x0000000008000680                PendSV_Handler
                0x0000000008000680                NMI_Handler
                0x0000000008000680                EXTI3_IRQHandler
                0x0000000008000680                USB_HP_CAN_TX_IRQHandler
                0x0000000008000680                EXTI0_IRQHandler
                0x0000000008000680                I2C2_EV_IRQHandler
                0x0000000008000680                UsageFault_Handler
                0x0000000008000680                ADC1_2_IRQHandler
                0x0000000008000680                SPI1_IRQHandler
                0x0000000008000680                CAN_SCE_IRQHandler
                0x0000000008000680                TAMPER_IRQHandler
                0x0000000008000680                TIM8_UP_IRQHandler
                0x0000000008000680                DMA2_Channel2_IRQHandler
                0x0000000008000680                DMA1_Channel4_IRQHandler
                0x0000000008000680                USART3_IRQHandler
                0x0000000008000680                RTC_IRQHandler
                0x0000000008000680                DMA1_Channel7_IRQHandler
                0x0000000008000680                UART5_IRQHandler
                0x0000000008000680                ADC3_IRQHandler
                0x0000000008000680                TIM4_IRQHandler
                0x0000000008000680                CAN_RX1_IRQHandler
                0x0000000008000680                DMA2_Channel1_IRQHandler
                0x0000000008000680                I2C1_EV_IRQHandler
                0x0000000008000680                DMA1_Channel6_IRQHandler
                0x0000000008000680                UART4_IRQHandler
                0x0000000008000680                TIM3_IRQHandler
                0x0000000008000680                RCC_IRQHandler
                0x0000000008000680                TIM1_TRG_COM_IRQHandler
                0x0000000008000680                DMA1_Channel1_IRQHandler
                0x0000000008000680                Default_Handler
                0x0000000008000680                EXTI15_10_IRQHandler
                0x0000000008000680                TIM7_IRQHandler
                0x0000000008000680                TIM5_IRQHandler
                0x0000000008000680                EXTI9_5_IRQHandler
                0x0000000008000680                SPI2_IRQHandler
                0x0000000008000680                USB_LP_CAN_RX0_IRQHandler
                0x0000000008000680                MemManage_Handler
                0x0000000008000680                SVC_Handler
                0x0000000008000680                DMA1_Channel5_IRQHandler
                0x0000000008000680                EXTI4_IRQHandler
                0x0000000008000680                DMA1_Channel3_IRQHandler
                0x0000000008000680                FSMC_IRQHandler
                0x0000000008000680                TIM1_UP_IRQHandler
                0x0000000008000680                WWDG_IRQHandler
                0x0000000008000680                TIM2_IRQHandler
                0x0000000008000680                TIM1_BRK_IRQHandler
                0x0000000008000680                EXTI1_IRQHandler
                0x0000000008000680                RTCAlarm_IRQHandler
                0x0000000008000680                DMA2_Channel4_5_IRQHandler
                0x0000000008000680                USART2_IRQHandler
                0x0000000008000680                I2C2_ER_IRQHandler
                0x0000000008000680                DMA1_Channel2_IRQHandler
                0x0000000008000680                TIM8_BRK_IRQHandler
                0x0000000008000680                FLASH_IRQHandler
                0x0000000008000680                BusFault_Handler
                0x0000000008000680                USART1_IRQHandler
                0x0000000008000680                SPI3_IRQHandler
                0x0000000008000680                I2C1_ER_IRQHandler
                0x0000000008000680                DMA2_Channel3_IRQHandler
 *fill*         0x0000000008000682        0x2 
 .text.Get_CRLH_loc
                0x0000000008000684      0x198 ./stm32f103x6_drivers/stm32f103x6_gpio_driver.o
                0x0000000008000684                Get_CRLH_loc
 .text.MCAL_GPIO_Init
                0x000000000800081c      0x126 ./stm32f103x6_drivers/stm32f103x6_gpio_driver.o
                0x000000000800081c                MCAL_GPIO_Init
 .text.MCAL_GPIO_Read_Pin
                0x0000000008000942       0x2e ./stm32f103x6_drivers/stm32f103x6_gpio_driver.o
                0x0000000008000942                MCAL_GPIO_Read_Pin
 .text.MCAL_GPIO_Write_Pin
                0x0000000008000970       0x3c ./stm32f103x6_drivers/stm32f103x6_gpio_driver.o
                0x0000000008000970                MCAL_GPIO_Write_Pin
 .text.__libc_init_array
                0x00000000080009ac       0x48 C:/ST/STM32CubeIDE_1.13.2/STM32CubeIDE/plugins/com.st.stm32cube.ide.mcu.externaltools.gnu-tools-for-stm32.11.3.rel1.win32_1.1.1.202309131626/tools/bin/../lib/gcc/arm-none-eabi/11.3.1/../../../../arm-none-eabi/lib/thumb/v7-m/nofp\libc_nano.a(libc_a-init.o)
                0x00000000080009ac                __libc_init_array
 *(.glue_7)
 .glue_7        0x00000000080009f4        0x0 linker stubs
 *(.glue_7t)
 .glue_7t       0x00000000080009f4        0x0 linker stubs
 *(.eh_frame)
 .eh_frame      0x00000000080009f4        0x0 C:/ST/STM32CubeIDE_1.13.2/STM32CubeIDE/plugins/com.st.stm32cube.ide.mcu.externaltools.gnu-tools-for-stm32.11.3.rel1.win32_1.1.1.202309131626/tools/bin/../lib/gcc/arm-none-eabi/11.3.1/thumb/v7-m/nofp/crtbegin.o
 *(.init)
 .init          0x00000000080009f4        0x4 C:/ST/STM32CubeIDE_1.13.2/STM32CubeIDE/plugins/com.st.stm32cube.ide.mcu.externaltools.gnu-tools-for-stm32.11.3.rel1.win32_1.1.1.202309131626/tools/bin/../lib/gcc/arm-none-eabi/11.3.1/thumb/v7-m/nofp/crti.o
                0x00000000080009f4                _init
 .init          0x00000000080009f8        0x8 C:/ST/STM32CubeIDE_1.13.2/STM32CubeIDE/plugins/com.st.stm32cube.ide.mcu.externaltools.gnu-tools-for-stm32.11.3.rel1.win32_1.1.1.202309131626/tools/bin/../lib/gcc/arm-none-eabi/11.3.1/thumb/v7-m/nofp/crtn.o
 *(.fini)
 .fini          0x0000000008000a00        0x4 C:/ST/STM32CubeIDE_1.13.2/STM32CubeIDE/plugins/com.st.stm32cube.ide.mcu.externaltools.gnu-tools-for-stm32.11.3.rel1.win32_1.1.1.202309131626/tools/bin/../lib/gcc/arm-none-eabi/11.3.1/thumb/v7-m/nofp/crti.o
                0x0000000008000a00                _fini
 .fini          0x0000000008000a04        0x8 C:/ST/STM32CubeIDE_1.13.2/STM32CubeIDE/plugins/com.st.stm32cube.ide.mcu.externaltools.gnu-tools-for-stm32.11.3.rel1.win32_1.1.1.202309131626/tools/bin/../lib/gcc/arm-none-eabi/11.3.1/thumb/v7-m/nofp/crtn.o
                0x0000000008000a0c                . = ALIGN (0x4)
                0x0000000008000a0c                _etext = .

.vfp11_veneer   0x0000000008000a0c        0x0
 .vfp11_veneer  0x0000000008000a0c        0x0 linker stubs

.v4_bx          0x0000000008000a0c        0x0
 .v4_bx         0x0000000008000a0c        0x0 linker stubs

.iplt           0x0000000008000a0c        0x0
 .iplt          0x0000000008000a0c        0x0 C:/ST/STM32CubeIDE_1.13.2/STM32CubeIDE/plugins/com.st.stm32cube.ide.mcu.externaltools.gnu-tools-for-stm32.11.3.rel1.win32_1.1.1.202309131626/tools/bin/../lib/gcc/arm-none-eabi/11.3.1/thumb/v7-m/nofp/crtbegin.o

.rel.dyn        0x0000000008000a0c        0x0
 .rel.iplt      0x0000000008000a0c        0x0 C:/ST/STM32CubeIDE_1.13.2/STM32CubeIDE/plugins/com.st.stm32cube.ide.mcu.externaltools.gnu-tools-for-stm32.11.3.rel1.win32_1.1.1.202309131626/tools/bin/../lib/gcc/arm-none-eabi/11.3.1/thumb/v7-m/nofp/crtbegin.o

.rodata         0x0000000008000a0c        0x0
                0x0000000008000a0c                . = ALIGN (0x4)
 *(.rodata)
 *(.rodata*)
                0x0000000008000a0c                . = ALIGN (0x4)

.ARM.extab      0x0000000008000a0c        0x0
                0x0000000008000a0c                . = ALIGN (0x4)
 *(.ARM.extab* .gnu.linkonce.armextab.*)
                0x0000000008000a0c                . = ALIGN (0x4)

.ARM            0x0000000008000a0c        0x0
                0x0000000008000a0c                . = ALIGN (0x4)
                0x0000000008000a0c                __exidx_start = .
 *(.ARM.exidx*)
                0x0000000008000a0c                __exidx_end = .
                0x0000000008000a0c                . = ALIGN (0x4)

.preinit_array  0x0000000008000a0c        0x0
                0x0000000008000a0c                . = ALIGN (0x4)
                0x0000000008000a0c                PROVIDE (__preinit_array_start = .)
 *(.preinit_array*)
                0x0000000008000a0c                PROVIDE (__preinit_array_end = .)
                0x0000000008000a0c                . = ALIGN (0x4)

.init_array     0x0000000008000a0c        0x4
                0x0000000008000a0c                . = ALIGN (0x4)
                0x0000000008000a0c                PROVIDE (__init_array_start = .)
 *(SORT_BY_NAME(.init_array.*))
 *(.init_array*)
 .init_array    0x0000000008000a0c        0x4 C:/ST/STM32CubeIDE_1.13.2/STM32CubeIDE/plugins/com.st.stm32cube.ide.mcu.externaltools.gnu-tools-for-stm32.11.3.rel1.win32_1.1.1.202309131626/tools/bin/../lib/gcc/arm-none-eabi/11.3.1/thumb/v7-m/nofp/crtbegin.o
                0x0000000008000a10                PROVIDE (__init_array_end = .)
                0x0000000008000a10                . = ALIGN (0x4)

.fini_array     0x0000000008000a10        0x4
                0x0000000008000a10                . = ALIGN (0x4)
                [!provide]                        PROVIDE (__fini_array_start = .)
 *(SORT_BY_NAME(.fini_array.*))
 *(.fini_array*)
 .fini_array    0x0000000008000a10        0x4 C:/ST/STM32CubeIDE_1.13.2/STM32CubeIDE/plugins/com.st.stm32cube.ide.mcu.externaltools.gnu-tools-for-stm32.11.3.rel1.win32_1.1.1.202309131626/tools/bin/../lib/gcc/arm-none-eabi/11.3.1/thumb/v7-m/nofp/crtbegin.o
                [!provide]                        PROVIDE (__fini_array_end = .)
                0x0000000008000a14                . = ALIGN (0x4)
                0x0000000008000a14                _sidata = LOADADDR (.data)

.data           0x0000000020000000       0x20 load address 0x0000000008000a14
                0x0000000020000000                . = ALIGN (0x4)
                0x0000000020000000                _sdata = .
 *(.data)
 *(.data*)
 .data.ROWS     0x0000000020000000        0x8 ./HAL/keyPad.o
                0x0000000020000000                ROWS
 .data.COLS     0x0000000020000008        0x8 ./HAL/keyPad.o
                0x0000000020000008                COLS
 .data.Keys     0x0000000020000010       0x10 ./HAL/keyPad.o
                0x0000000020000010                Keys
 *(.RamFunc)
 *(.RamFunc*)
                0x0000000020000020                . = ALIGN (0x4)
                0x0000000020000020                _edata = .

.igot.plt       0x0000000020000020        0x0 load address 0x0000000008000a34
 .igot.plt      0x0000000020000020        0x0 C:/ST/STM32CubeIDE_1.13.2/STM32CubeIDE/plugins/com.st.stm32cube.ide.mcu.externaltools.gnu-tools-for-stm32.11.3.rel1.win32_1.1.1.202309131626/tools/bin/../lib/gcc/arm-none-eabi/11.3.1/thumb/v7-m/nofp/crtbegin.o
                0x0000000020000020                . = ALIGN (0x4)

.bss            0x0000000020000020       0x20 load address 0x0000000008000a34
                0x0000000020000020                _sbss = .
                0x0000000020000020                __bss_start__ = _sbss
 *(.bss)
 .bss           0x0000000020000020       0x1c C:/ST/STM32CubeIDE_1.13.2/STM32CubeIDE/plugins/com.st.stm32cube.ide.mcu.externaltools.gnu-tools-for-stm32.11.3.rel1.win32_1.1.1.202309131626/tools/bin/../lib/gcc/arm-none-eabi/11.3.1/thumb/v7-m/nofp/crtbegin.o
 *(.bss*)
 .bss.number_of_characters
                0x000000002000003c        0x1 ./HAL/lcd.o
                0x000000002000003c                number_of_characters
 .bss.is_clearing
                0x000000002000003d        0x1 ./HAL/lcd.o
                0x000000002000003d                is_clearing
 *(COMMON)
                0x0000000020000040                . = ALIGN (0x4)
 *fill*         0x000000002000003e        0x2 
                0x0000000020000040                _ebss = .
                0x0000000020000040                __bss_end__ = _ebss

._user_heap_stack
                0x0000000020000040      0x600 load address 0x0000000008000a34
                0x0000000020000040                . = ALIGN (0x8)
                [!provide]                        PROVIDE (end = .)
                0x0000000020000040                PROVIDE (_end = .)
                0x0000000020000240                . = (. + _Min_Heap_Size)
 *fill*         0x0000000020000040      0x200 
                0x0000000020000640                . = (. + _Min_Stack_Size)
 *fill*         0x0000000020000240      0x400 
                0x0000000020000640                . = ALIGN (0x8)

/DISCARD/
 libc.a(*)
 libm.a(*)
 libgcc.a(*)

.ARM.attributes
                0x0000000000000000       0x29
 *(.ARM.attributes)
 .ARM.attributes
                0x0000000000000000       0x1d C:/ST/STM32CubeIDE_1.13.2/STM32CubeIDE/plugins/com.st.stm32cube.ide.mcu.externaltools.gnu-tools-for-stm32.11.3.rel1.win32_1.1.1.202309131626/tools/bin/../lib/gcc/arm-none-eabi/11.3.1/thumb/v7-m/nofp/crti.o
 .ARM.attributes
                0x000000000000001d       0x2d C:/ST/STM32CubeIDE_1.13.2/STM32CubeIDE/plugins/com.st.stm32cube.ide.mcu.externaltools.gnu-tools-for-stm32.11.3.rel1.win32_1.1.1.202309131626/tools/bin/../lib/gcc/arm-none-eabi/11.3.1/thumb/v7-m/nofp/crtbegin.o
 .ARM.attributes
                0x000000000000004a       0x2d ./HAL/keyPad.o
 .ARM.attributes
                0x0000000000000077       0x2d ./HAL/lcd.o
 .ARM.attributes
                0x00000000000000a4       0x2d ./Src/main.o
 .ARM.attributes
                0x00000000000000d1       0x21 ./Startup/startup_stm32f103c6tx.o
 .ARM.attributes
                0x00000000000000f2       0x2d ./stm32f103x6_drivers/stm32f103x6_gpio_driver.o
 .ARM.attributes
                0x000000000000011f       0x2d C:/ST/STM32CubeIDE_1.13.2/STM32CubeIDE/plugins/com.st.stm32cube.ide.mcu.externaltools.gnu-tools-for-stm32.11.3.rel1.win32_1.1.1.202309131626/tools/bin/../lib/gcc/arm-none-eabi/11.3.1/../../../../arm-none-eabi/lib/thumb/v7-m/nofp\libc_nano.a(libc_a-init.o)
 .ARM.attributes
                0x000000000000014c       0x1d C:/ST/STM32CubeIDE_1.13.2/STM32CubeIDE/plugins/com.st.stm32cube.ide.mcu.externaltools.gnu-tools-for-stm32.11.3.rel1.win32_1.1.1.202309131626/tools/bin/../lib/gcc/arm-none-eabi/11.3.1/thumb/v7-m/nofp/crtn.o
OUTPUT(LcdKeypad.elf elf32-littlearm)
LOAD linker stubs
LOAD C:/ST/STM32CubeIDE_1.13.2/STM32CubeIDE/plugins/com.st.stm32cube.ide.mcu.externaltools.gnu-tools-for-stm32.11.3.rel1.win32_1.1.1.202309131626/tools/bin/../lib/gcc/arm-none-eabi/11.3.1/../../../../arm-none-eabi/lib/thumb/v7-m/nofp\libc.a
LOAD C:/ST/STM32CubeIDE_1.13.2/STM32CubeIDE/plugins/com.st.stm32cube.ide.mcu.externaltools.gnu-tools-for-stm32.11.3.rel1.win32_1.1.1.202309131626/tools/bin/../lib/gcc/arm-none-eabi/11.3.1/../../../../arm-none-eabi/lib/thumb/v7-m/nofp\libm.a
LOAD C:/ST/STM32CubeIDE_1.13.2/STM32CubeIDE/plugins/com.st.stm32cube.ide.mcu.externaltools.gnu-tools-for-stm32.11.3.rel1.win32_1.1.1.202309131626/tools/bin/../lib/gcc/arm-none-eabi/11.3.1/thumb/v7-m/nofp\libgcc.a

.comment        0x0000000000000000       0x43
 .comment       0x0000000000000000       0x43 C:/ST/STM32CubeIDE_1.13.2/STM32CubeIDE/plugins/com.st.stm32cube.ide.mcu.externaltools.gnu-tools-for-stm32.11.3.rel1.win32_1.1.1.202309131626/tools/bin/../lib/gcc/arm-none-eabi/11.3.1/thumb/v7-m/nofp/crtbegin.o
                                         0x44 (size before relaxing)
 .comment       0x0000000000000043       0x44 ./HAL/keyPad.o
 .comment       0x0000000000000043       0x44 ./HAL/lcd.o
 .comment       0x0000000000000043       0x44 ./Src/main.o
 .comment       0x0000000000000043       0x44 ./stm32f103x6_drivers/stm32f103x6_gpio_driver.o

.debug_info     0x0000000000000000      0xd33
 .debug_info    0x0000000000000000      0x302 ./HAL/keyPad.o
 .debug_info    0x0000000000000302      0x44d ./HAL/lcd.o
 .debug_info    0x000000000000074f      0x1dc ./Src/main.o
 .debug_info    0x000000000000092b       0x22 ./Startup/startup_stm32f103c6tx.o
 .debug_info    0x000000000000094d      0x3e6 ./stm32f103x6_drivers/stm32f103x6_gpio_driver.o

.debug_abbrev   0x0000000000000000      0x520
 .debug_abbrev  0x0000000000000000      0x15f ./HAL/keyPad.o
 .debug_abbrev  0x000000000000015f      0x18f ./HAL/lcd.o
 .debug_abbrev  0x00000000000002ee      0x10d ./Src/main.o
 .debug_abbrev  0x00000000000003fb       0x12 ./Startup/startup_stm32f103c6tx.o
 .debug_abbrev  0x000000000000040d      0x113 ./stm32f103x6_drivers/stm32f103x6_gpio_driver.o

.debug_loc      0x0000000000000000      0x834
 .debug_loc     0x0000000000000000      0x128 ./HAL/keyPad.o
 .debug_loc     0x0000000000000128      0x360 ./HAL/lcd.o
 .debug_loc     0x0000000000000488       0x7c ./Src/main.o
 .debug_loc     0x0000000000000504      0x330 ./stm32f103x6_drivers/stm32f103x6_gpio_driver.o

.debug_aranges  0x0000000000000000      0x160
 .debug_aranges
                0x0000000000000000       0x38 ./HAL/keyPad.o
 .debug_aranges
                0x0000000000000038       0x78 ./HAL/lcd.o
 .debug_aranges
                0x00000000000000b0       0x28 ./Src/main.o
 .debug_aranges
                0x00000000000000d8       0x28 ./Startup/startup_stm32f103c6tx.o
 .debug_aranges
                0x0000000000000100       0x60 ./stm32f103x6_drivers/stm32f103x6_gpio_driver.o

.debug_ranges   0x0000000000000000      0x118
 .debug_ranges  0x0000000000000000       0x28 ./HAL/keyPad.o
 .debug_ranges  0x0000000000000028       0x68 ./HAL/lcd.o
 .debug_ranges  0x0000000000000090       0x18 ./Src/main.o
 .debug_ranges  0x00000000000000a8       0x20 ./Startup/startup_stm32f103c6tx.o
 .debug_ranges  0x00000000000000c8       0x50 ./stm32f103x6_drivers/stm32f103x6_gpio_driver.o

.debug_macro    0x0000000000000000     0x2a06
 .debug_macro   0x0000000000000000      0x15b ./HAL/keyPad.o
 .debug_macro   0x000000000000015b      0xaa2 ./HAL/keyPad.o
 .debug_macro   0x0000000000000bfd       0x24 ./HAL/keyPad.o
 .debug_macro   0x0000000000000c21       0x22 ./HAL/keyPad.o
 .debug_macro   0x0000000000000c43       0x5b ./HAL/keyPad.o
 .debug_macro   0x0000000000000c9e       0x94 ./HAL/keyPad.o
 .debug_macro   0x0000000000000d32       0x43 ./HAL/keyPad.o
 .debug_macro   0x0000000000000d75       0x34 ./HAL/keyPad.o
 .debug_macro   0x0000000000000da9       0x16 ./HAL/keyPad.o
 .debug_macro   0x0000000000000dbf      0x10e ./HAL/keyPad.o
 .debug_macro   0x0000000000000ecd       0x8d ./HAL/keyPad.o
 .debug_macro   0x0000000000000f5a       0x16 ./HAL/keyPad.o
 .debug_macro   0x0000000000000f70       0x43 ./HAL/keyPad.o
 .debug_macro   0x0000000000000fb3       0x57 ./HAL/keyPad.o
 .debug_macro   0x000000000000100a       0x34 ./HAL/keyPad.o
 .debug_macro   0x000000000000103e       0x10 ./HAL/keyPad.o
 .debug_macro   0x000000000000104e       0x58 ./HAL/keyPad.o
 .debug_macro   0x00000000000010a6       0x8e ./HAL/keyPad.o
 .debug_macro   0x0000000000001134       0x1c ./HAL/keyPad.o
 .debug_macro   0x0000000000001150      0x177 ./HAL/keyPad.o
 .debug_macro   0x00000000000012c7      0x369 ./HAL/keyPad.o
 .debug_macro   0x0000000000001630       0x16 ./HAL/keyPad.o
 .debug_macro   0x0000000000001646       0x29 ./HAL/keyPad.o
 .debug_macro   0x000000000000166f      0x103 ./HAL/keyPad.o
 .debug_macro   0x0000000000001772       0x6a ./HAL/keyPad.o
 .debug_macro   0x00000000000017dc      0x1df ./HAL/keyPad.o
 .debug_macro   0x00000000000019bb      0x6ee ./HAL/keyPad.o
 .debug_macro   0x00000000000020a9       0xbe ./HAL/keyPad.o
 .debug_macro   0x0000000000002167       0x40 ./HAL/keyPad.o
 .debug_macro   0x00000000000021a7      0x193 ./HAL/lcd.o
 .debug_macro   0x000000000000233a       0xb2 ./HAL/lcd.o
 .debug_macro   0x00000000000023ec       0x1c ./HAL/lcd.o
 .debug_macro   0x0000000000002408       0x35 ./HAL/lcd.o
 .debug_macro   0x000000000000243d       0x10 ./HAL/lcd.o
 .debug_macro   0x000000000000244d       0x1c ./HAL/lcd.o
 .debug_macro   0x0000000000002469       0x16 ./HAL/lcd.o
 .debug_macro   0x000000000000247f      0x147 ./HAL/lcd.o
 .debug_macro   0x00000000000025c6      0x16e ./Src/main.o
 .debug_macro   0x0000000000002734       0x8e ./Src/main.o
 .debug_macro   0x00000000000027c2       0x51 ./Src/main.o
 .debug_macro   0x0000000000002813       0x61 ./Src/main.o
 .debug_macro   0x0000000000002874       0x46 ./Src/main.o
 .debug_macro   0x00000000000028ba      0x14c ./stm32f103x6_drivers/stm32f103x6_gpio_driver.o

.debug_line     0x0000000000000000     0x1d3a
 .debug_line    0x0000000000000000      0x6bc ./HAL/keyPad.o
 .debug_line    0x00000000000006bc      0x81f ./HAL/lcd.o
 .debug_line    0x0000000000000edb      0x604 ./Src/main.o
 .debug_line    0x00000000000014df       0x84 ./Startup/startup_stm32f103c6tx.o
 .debug_line    0x0000000000001563      0x7d7 ./stm32f103x6_drivers/stm32f103x6_gpio_driver.o

.debug_str      0x0000000000000000     0xa314
 .debug_str     0x0000000000000000     0x979f ./HAL/keyPad.o
                                       0x99a6 (size before relaxing)
 .debug_str     0x000000000000979f      0x9ee ./HAL/lcd.o
                                       0xa29a (size before relaxing)
 .debug_str     0x000000000000a18d       0x5d ./Src/main.o
                                       0x9bd3 (size before relaxing)
 .debug_str     0x000000000000a1ea       0x2f ./Startup/startup_stm32f103c6tx.o
                                         0x46 (size before relaxing)
 .debug_str     0x000000000000a219       0xfb ./stm32f103x6_drivers/stm32f103x6_gpio_driver.o
                                       0x99a2 (size before relaxing)

.debug_frame    0x0000000000000000      0x43c
 .debug_frame   0x0000000000000000       0x9c ./HAL/keyPad.o
 .debug_frame   0x000000000000009c      0x1ac ./HAL/lcd.o
 .debug_frame   0x0000000000000248       0x50 ./Src/main.o
 .debug_frame   0x0000000000000298      0x178 ./stm32f103x6_drivers/stm32f103x6_gpio_driver.o
 .debug_frame   0x0000000000000410       0x2c C:/ST/STM32CubeIDE_1.13.2/STM32CubeIDE/plugins/com.st.stm32cube.ide.mcu.externaltools.gnu-tools-for-stm32.11.3.rel1.win32_1.1.1.202309131626/tools/bin/../lib/gcc/arm-none-eabi/11.3.1/../../../../arm-none-eabi/lib/thumb/v7-m/nofp\libc_nano.a(libc_a-init.o)
