Archive member included to satisfy reference by file (symbol)

C:/ST/STM32CubeIDE_1.16.1/STM32CubeIDE/plugins/com.st.stm32cube.ide.mcu.externaltools.gnu-tools-for-stm32.12.3.rel1.win32_1.0.200.202406191623/tools/bin/../lib/gcc/arm-none-eabi/12.3.1/../../../../arm-none-eabi/lib/thumb/v7-m/nofp\libc_nano.a(libc_a-exit.o)
                              C:/ST/STM32CubeIDE_1.16.1/STM32CubeIDE/plugins/com.st.stm32cube.ide.mcu.externaltools.gnu-tools-for-stm32.12.3.rel1.win32_1.0.200.202406191623/tools/bin/../lib/gcc/arm-none-eabi/12.3.1/../../../../arm-none-eabi/lib/thumb/v7-m/nofp/crt0.o (exit)
C:/ST/STM32CubeIDE_1.16.1/STM32CubeIDE/plugins/com.st.stm32cube.ide.mcu.externaltools.gnu-tools-for-stm32.12.3.rel1.win32_1.0.200.202406191623/tools/bin/../lib/gcc/arm-none-eabi/12.3.1/../../../../arm-none-eabi/lib/thumb/v7-m/nofp\libc_nano.a(libc_a-findfp.o)
                              C:/ST/STM32CubeIDE_1.16.1/STM32CubeIDE/plugins/com.st.stm32cube.ide.mcu.externaltools.gnu-tools-for-stm32.12.3.rel1.win32_1.0.200.202406191623/tools/bin/../lib/gcc/arm-none-eabi/12.3.1/../../../../arm-none-eabi/lib/thumb/v7-m/nofp\libc_nano.a(libc_a-exit.o) (__stdio_exit_handler)
C:/ST/STM32CubeIDE_1.16.1/STM32CubeIDE/plugins/com.st.stm32cube.ide.mcu.externaltools.gnu-tools-for-stm32.12.3.rel1.win32_1.0.200.202406191623/tools/bin/../lib/gcc/arm-none-eabi/12.3.1/../../../../arm-none-eabi/lib/thumb/v7-m/nofp\libc_nano.a(libc_a-fwalk.o)
                              C:/ST/STM32CubeIDE_1.16.1/STM32CubeIDE/plugins/com.st.stm32cube.ide.mcu.externaltools.gnu-tools-for-stm32.12.3.rel1.win32_1.0.200.202406191623/tools/bin/../lib/gcc/arm-none-eabi/12.3.1/../../../../arm-none-eabi/lib/thumb/v7-m/nofp\libc_nano.a(libc_a-findfp.o) (_fwalk_sglue)
C:/ST/STM32CubeIDE_1.16.1/STM32CubeIDE/plugins/com.st.stm32cube.ide.mcu.externaltools.gnu-tools-for-stm32.12.3.rel1.win32_1.0.200.202406191623/tools/bin/../lib/gcc/arm-none-eabi/12.3.1/../../../../arm-none-eabi/lib/thumb/v7-m/nofp\libc_nano.a(libc_a-snprintf.o)
                              ./HAL/Src/lcd.o (snprintf)
C:/ST/STM32CubeIDE_1.16.1/STM32CubeIDE/plugins/com.st.stm32cube.ide.mcu.externaltools.gnu-tools-for-stm32.12.3.rel1.win32_1.0.200.202406191623/tools/bin/../lib/gcc/arm-none-eabi/12.3.1/../../../../arm-none-eabi/lib/thumb/v7-m/nofp\libc_nano.a(libc_a-stdio.o)
                              C:/ST/STM32CubeIDE_1.16.1/STM32CubeIDE/plugins/com.st.stm32cube.ide.mcu.externaltools.gnu-tools-for-stm32.12.3.rel1.win32_1.0.200.202406191623/tools/bin/../lib/gcc/arm-none-eabi/12.3.1/../../../../arm-none-eabi/lib/thumb/v7-m/nofp\libc_nano.a(libc_a-findfp.o) (__sread)
C:/ST/STM32CubeIDE_1.16.1/STM32CubeIDE/plugins/com.st.stm32cube.ide.mcu.externaltools.gnu-tools-for-stm32.12.3.rel1.win32_1.0.200.202406191623/tools/bin/../lib/gcc/arm-none-eabi/12.3.1/../../../../arm-none-eabi/lib/thumb/v7-m/nofp\libc_nano.a(libc_a-memset.o)
                              C:/ST/STM32CubeIDE_1.16.1/STM32CubeIDE/plugins/com.st.stm32cube.ide.mcu.externaltools.gnu-tools-for-stm32.12.3.rel1.win32_1.0.200.202406191623/tools/bin/../lib/gcc/arm-none-eabi/12.3.1/../../../../arm-none-eabi/lib/thumb/v7-m/nofp/crt0.o (memset)
C:/ST/STM32CubeIDE_1.16.1/STM32CubeIDE/plugins/com.st.stm32cube.ide.mcu.externaltools.gnu-tools-for-stm32.12.3.rel1.win32_1.0.200.202406191623/tools/bin/../lib/gcc/arm-none-eabi/12.3.1/../../../../arm-none-eabi/lib/thumb/v7-m/nofp\libc_nano.a(libc_a-closer.o)
                              C:/ST/STM32CubeIDE_1.16.1/STM32CubeIDE/plugins/com.st.stm32cube.ide.mcu.externaltools.gnu-tools-for-stm32.12.3.rel1.win32_1.0.200.202406191623/tools/bin/../lib/gcc/arm-none-eabi/12.3.1/../../../../arm-none-eabi/lib/thumb/v7-m/nofp\libc_nano.a(libc_a-stdio.o) (_close_r)
C:/ST/STM32CubeIDE_1.16.1/STM32CubeIDE/plugins/com.st.stm32cube.ide.mcu.externaltools.gnu-tools-for-stm32.12.3.rel1.win32_1.0.200.202406191623/tools/bin/../lib/gcc/arm-none-eabi/12.3.1/../../../../arm-none-eabi/lib/thumb/v7-m/nofp\libc_nano.a(libc_a-reent.o)
                              C:/ST/STM32CubeIDE_1.16.1/STM32CubeIDE/plugins/com.st.stm32cube.ide.mcu.externaltools.gnu-tools-for-stm32.12.3.rel1.win32_1.0.200.202406191623/tools/bin/../lib/gcc/arm-none-eabi/12.3.1/../../../../arm-none-eabi/lib/thumb/v7-m/nofp\libc_nano.a(libc_a-closer.o) (errno)
C:/ST/STM32CubeIDE_1.16.1/STM32CubeIDE/plugins/com.st.stm32cube.ide.mcu.externaltools.gnu-tools-for-stm32.12.3.rel1.win32_1.0.200.202406191623/tools/bin/../lib/gcc/arm-none-eabi/12.3.1/../../../../arm-none-eabi/lib/thumb/v7-m/nofp\libc_nano.a(libc_a-impure.o)
                              C:/ST/STM32CubeIDE_1.16.1/STM32CubeIDE/plugins/com.st.stm32cube.ide.mcu.externaltools.gnu-tools-for-stm32.12.3.rel1.win32_1.0.200.202406191623/tools/bin/../lib/gcc/arm-none-eabi/12.3.1/../../../../arm-none-eabi/lib/thumb/v7-m/nofp\libc_nano.a(libc_a-snprintf.o) (_impure_ptr)
[...]
Memory Configuration

Name             Origin             Length             Attributes
RAM              0x20000000         0x00002800         xrw
ROM              0x08000000         0x00008000         xr
*default*        0x00000000         0xffffffff

Linker script and memory map

LOAD C:/ST/STM32CubeIDE_1.16.1/STM32CubeIDE/plugins/com.st.stm32cube.ide.mcu.externaltools.gnu-tools-for-stm32.12.3.rel1.win32_1.0.200.202406191623/tools/bin/../lib/gcc/arm-none-eabi/12.3.1/thumb/v7-m/nofp/crti.o
LOAD C:/ST/STM32CubeIDE_1.16.1/STM32CubeIDE/plugins/com.st.stm32cube.ide.mcu.externaltools.gnu-tools-for-stm32.12.3.rel1.win32_1.0.200.202406191623/tools/bin/../lib/gcc/arm-none-eabi/12.3.1/thumb/v7-m/nofp/crtbegin.o
LOAD C:/ST/STM32CubeIDE_1.16.1/STM32CubeIDE/plugins/com.st.stm32cube.ide.mcu.externaltools.gnu-tools-for-stm32.12.3.rel1.win32_1.0.200.202406191623/tools/bin/../lib/gcc/arm-none-eabi/12.3.1/../../../../arm-none-eabi/lib/thumb/v7-m/nofp/crt0.o
LOAD ./HAL/Src/PIR.o
LOAD ./HAL/Src/Servo_Motor.o
LOAD ./HAL/Src/alarm.o
LOAD ./HAL/Src/keyPad.o
LOAD ./HAL/Src/lcd.o
LOAD ./Src/main.o
LOAD ./Src/syscalls.o
LOAD ./Src/sysmem.o
LOAD ./Startup/startup_stm32f103c6tx.o
LOAD ./stm32f103x6_drivers/Timer.o
LOAD ./stm32f103x6_drivers/stm32f103x6_RCC_driver.o
LOAD ./stm32f103x6_drivers/stm32f103x6_USART_driver.o
LOAD ./stm32f103x6_drivers/stm32f103x6_gpio_driver.o
START GROUP
LOAD C:/ST/STM32CubeIDE_1.16.1/STM32CubeIDE/plugins/com.st.stm32cube.ide.mcu.externaltools.gnu-tools-for-stm32.12.3.rel1.win32_1.0.200.202406191623/tools/bin/../lib/gcc/arm-none-eabi/12.3.1/../../../../arm-none-eabi/lib/thumb/v7-m/nofp\libc_nano.a
LOAD C:/ST/STM32CubeIDE_1.16.1/STM32CubeIDE/plugins/com.st.stm32cube.ide.mcu.externaltools.gnu-tools-for-stm32.12.3.rel1.win32_1.0.200.202406191623/tools/bin/../lib/gcc/arm-none-eabi/12.3.1/../../../../arm-none-eabi/lib/thumb/v7-m/nofp\libm.a
END GROUP
START GROUP
LOAD C:/ST/STM32CubeIDE_1.16.1/STM32CubeIDE/plugins/com.st.stm32cube.ide.mcu.externaltools.gnu-tools-for-stm32.12.3.rel1.win32_1.0.200.202406191623/tools/bin/../lib/gcc/arm-none-eabi/12.3.1/thumb/v7-m/nofp\libgcc.a
LOAD C:/ST/STM32CubeIDE_1.16.1/STM32CubeIDE/plugins/com.st.stm32cube.ide.mcu.externaltools.gnu-tools-for-stm32.12.3.rel1.win32_1.0.200.202406191623/tools/bin/../lib/gcc/arm-none-eabi/12.3.1/../../../../arm-none-eabi/lib/thumb/v7-m/nofp\libg_nano.a
LOAD C:/ST/STM32CubeIDE_1.16.1/STM32CubeIDE/plugins/com.st.stm32cube.ide.mcu.externaltools.gnu-tools-for-stm32.12.3.rel1.win32_1.0.200.202406191623/tools/bin/../lib/gcc/arm-none-eabi/12.3.1/../../../../arm-none-eabi/lib/thumb/v7-m/nofp\libc_nano.a
END GROUP
START GROUP
LOAD C:/ST/STM32CubeIDE_1.16.1/STM32CubeIDE/plugins/com.st.stm32cube.ide.mcu.externaltools.gnu-tools-for-stm32.12.3.rel1.win32_1.0.200.202406191623/tools/bin/../lib/gcc/arm-none-eabi/12.3.1/thumb/v7-m/nofp\libgcc.a
LOAD C:/ST/STM32CubeIDE_1.16.1/STM32CubeIDE/plugins/com.st.stm32cube.ide.mcu.externaltools.gnu-tools-for-stm32.12.3.rel1.win32_1.0.200.202406191623/tools/bin/../lib/gcc/arm-none-eabi/12.3.1/../../../../arm-none-eabi/lib/thumb/v7-m/nofp\libc_nano.a
LOAD C:/ST/STM32CubeIDE_1.16.1/STM32CubeIDE/plugins/com.st.stm32cube.ide.mcu.externaltools.gnu-tools-for-stm32.12.3.rel1.win32_1.0.200.202406191623/tools/bin/../lib/gcc/arm-none-eabi/12.3.1/../../../../arm-none-eabi/lib/thumb/v7-m/nofp\libnosys.a
END GROUP
START GROUP
LOAD C:/ST/STM32CubeIDE_1.16.1/STM32CubeIDE/plugins/com.st.stm32cube.ide.mcu.externaltools.gnu-tools-for-stm32.12.3.rel1.win32_1.0.200.202406191623/tools/bin/../lib/gcc/arm-none-eabi/12.3.1/thumb/v7-m/nofp\libgcc.a
LOAD C:/ST/STM32CubeIDE_1.16.1/STM32CubeIDE/plugins/com.st.stm32cube.ide.mcu.externaltools.gnu-tools-for-stm32.12.3.rel1.win32_1.0.200.202406191623/tools/bin/../lib/gcc/arm-none-eabi/12.3.1/../../../../arm-none-eabi/lib/thumb/v7-m/nofp\libc_nano.a
LOAD C:/ST/STM32CubeIDE_1.16.1/STM32CubeIDE/plugins/com.st.stm32cube.ide.mcu.externaltools.gnu-tools-for-stm32.12.3.rel1.win32_1.0.200.202406191623/tools/bin/../lib/gcc/arm-none-eabi/12.3.1/../../../../arm-none-eabi/lib/thumb/v7-m/nofp\libnosys.a
END GROUP
LOAD C:/ST/STM32CubeIDE_1.16.1/STM32CubeIDE/plugins/com.st.stm32cube.ide.mcu.externaltools.gnu-tools-for-stm32.12.3.rel1.win32_1.0.200.202406191623/tools/bin/../lib/gcc/arm-none-eabi/12.3.1/thumb/v7-m/nofp/crtend.o
LOAD C:/ST/STM32CubeIDE_1.16.1/STM32CubeIDE/plugins/com.st.stm32cube.ide.mcu.externaltools.gnu-tools-for-stm32.12.3.rel1.win32_1.0.200.202406191623/tools/bin/../lib/gcc/arm-none-eabi/12.3.1/thumb/v7-m/nofp/crtn.o
                0x20002800                        _estack = (ORIGIN (RAM) + LENGTH (RAM))
                0x00000200                        _Min_Heap_Size = 0x200
                0x00000400                        _Min_Stack_Size = 0x400

.isr_vector     0x08000000      0x130
                0x08000000                        . = ALIGN (0x4)
 *(.isr_vector)
 .isr_vector    0x08000000      0x130 ./Startup/startup_stm32f103c6tx.o
                0x08000000                g_pfnVectors
                0x08000130                        . = ALIGN (0x4)

.text           0x08000130     0x2208
                0x08000130                        . = ALIGN (0x4)
 *(.text)
 .text          0x08000130       0x40 C:/ST/STM32CubeIDE_1.16.1/STM32CubeIDE/plugins/com.st.stm32cube.ide.mcu.externaltools.gnu-tools-for-stm32.12.3.rel1.win32_1.0.200.202406191623/tools/bin/../lib/gcc/arm-none-eabi/12.3.1/thumb/v7-m/nofp/crtbegin.o
 .text          0x08000170      0x378 C:/ST/STM32CubeIDE_1.16.1/STM32CubeIDE/plugins/com.st.stm32cube.ide.mcu.externaltools.gnu-tools-for-stm32.12.3.rel1.win32_1.0.200.202406191623/tools/bin/../lib/gcc/arm-none-eabi/12.3.1/thumb/v7-m/nofp\libgcc.a(_arm_addsubdf3.o)
                0x08000170                __aeabi_drsub
                0x08000178                __aeabi_dsub
                0x08000178                __subdf3
                0x0800017c                __aeabi_dadd
                0x0800017c                __adddf3
                0x080003f4                __floatunsidf
                0x080003f4                __aeabi_ui2d
                0x08000414                __floatsidf
                0x08000414                __aeabi_i2d
                0x08000438                __aeabi_f2d
                0x08000438                __extendsfdf2
                0x0800047c                __floatundidf
                0x0800047c                __aeabi_ul2d
                0x0800048c                __floatdidf
                0x0800048c                __aeabi_l2d
 .text          0x080004e8      0x424 C:/ST/STM32CubeIDE_1.16.1/STM32CubeIDE/plugins/com.st.stm32cube.ide.mcu.externaltools.gnu-tools-for-stm32.12.3.rel1.win32_1.0.200.202406191623/tools/bin/../lib/gcc/arm-none-eabi/12.3.1/thumb/v7-m/nofp\libgcc.a(_arm_muldivdf3.o)
                0x080004e8                __aeabi_dmul
                0x080004e8                __muldf3
                0x0800073c                __divdf3
                0x0800073c                __aeabi_ddiv
 .text          0x0800090c       0x40 C:/ST/STM32CubeIDE_1.16.1/STM32CubeIDE/plugins/com.st.stm32cube.ide.mcu.externaltools.gnu-tools-for-stm32.12.3.rel1.win32_1.0.200.202406191623/tools/bin/../lib/gcc/arm-none-eabi/12.3.1/thumb/v7-m/nofp\libgcc.a(_arm_fixunsdfsi.o)
                0x0800090c                __aeabi_d2uiz
                0x0800090c                __fixunsdfsi
 *(.text*)
 .text.PIR_init
                0x0800094c       0x28 ./HAL/Src/PIR.o
                0x0800094c                PIR_init
 .text.PIR_is_Car_Detected
                0x08000974       0x2a ./HAL/Src/PIR.o
                0x08000974                PIR_is_Car_Detected
 *fill*         0x0800099e        0x2 
 .text.Servo1_Entry_Gate_Init
                0x080009a0       0x2c ./HAL/Src/Servo_Motor.o
                0x080009a0                Servo1_Entry_Gate_Init
 .text.Servo1_Entry_Gate
                0x080009cc       0x64 ./HAL/Src/Servo_Motor.o
                0x080009cc                Servo1_Entry_Gate
 .text.Servo2_Exit_Gate_Init
                0x08000a30       0x2c ./HAL/Src/Servo_Motor.o
                0x08000a30                Servo2_Exit_Gate_Init
 .text.Servo2_Exit_Gate
                0x08000a5c       0x64 ./HAL/Src/Servo_Motor.o
                0x08000a5c                Servo2_Exit_Gate
 .text.alarm_init
                0x08000ac0       0x38 ./HAL/Src/alarm.o
                0x08000ac0                alarm_init
 .text.alarm_start
                0x08000af8       0x28 ./HAL/Src/alarm.o
                0x08000af8                alarm_start
 .text.alarm_toggle
                0x08000b20       0x38 ./HAL/Src/alarm.o
                0x08000b20                alarm_toggle
 .text.Keypad_init
                0x08000b58       0x1c ./HAL/Src/keyPad.o
                0x08000b58                Keypad_init
 .text.Keypad_getkey
                0x08000b74       0xb0 ./HAL/Src/keyPad.o
                0x08000b74                Keypad_getkey
 .text.keypad_gpio_init
                0x08000c24       0x80 ./HAL/Src/keyPad.o
                0x08000c24                keypad_gpio_init
 .text.LCD_init
                0x08000ca4       0x46 ./HAL/Src/lcd.o
                0x08000ca4                LCD_init
 .text.LCD_lcd_kick
                0x08000cea       0x34 ./HAL/Src/lcd.o
                0x08000cea                LCD_lcd_kick
 .text.LCD_writeCommand
                0x08000d1e       0xf6 ./HAL/Src/lcd.o
                0x08000d1e                LCD_writeCommand
 .text.LCD_writeChar
                0x08000e14      0x114 ./HAL/Src/lcd.o
                0x08000e14                LCD_writeChar
 .text.LCD_writeString
                0x08000f28       0x30 ./HAL/Src/lcd.o
                0x08000f28                LCD_writeString
 .text.LCD_clearDisplay
                0x08000f58       0x24 ./HAL/Src/lcd.o
                0x08000f58                LCD_clearDisplay
 .text.LCD_goTo_X_and_Y
                0x08000f7c       0x28 ./HAL/Src/lcd.o
                0x08000f7c                LCD_goTo_X_and_Y
 .text.Lcd_gpio_init
                0x08000fa4       0x9c ./HAL/Src/lcd.o
                0x08000fa4                Lcd_gpio_init
 .text.delay    0x08001040       0x40 ./HAL/Src/lcd.o
                0x08001040                delay
 .text.main     0x08001080      0x228 ./Src/main.o
                0x08001080                main
 .text.handle_entrance_request
                0x080012a8       0x84 ./Src/main.o
                0x080012a8                handle_entrance_request
 .text.handle_exit_request
                0x0800132c       0x6c ./Src/main.o
                0x0800132c                handle_exit_request
 .text.operate_parking_gate
                0x08001398       0x64 ./Src/main.o
                0x08001398                operate_parking_gate
 .text.is_id_exists
                0x080013fc       0x44 ./Src/main.o
                0x080013fc                is_id_exists
 .text.LCD_Print_Welcome_Msg
                0x08001440       0x34 ./Src/main.o
                0x08001440                LCD_Print_Welcome_Msg
 .text.LCD_Print_ValidID_Msg
                0x08001474       0x54 ./Src/main.o
                0x08001474                LCD_Print_ValidID_Msg
 .text.LCD_Print_WrongID_Msg
                0x080014c8       0x34 ./Src/main.o
                0x080014c8                LCD_Print_WrongID_Msg
 .text.LCD_Print_Entrance_Msg
                0x080014fc       0xb8 ./Src/main.o
                0x080014fc                LCD_Print_Entrance_Msg
 .text.Reset_Handler
                0x080015b4       0x50 ./Startup/startup_stm32f103c6tx.o
                0x080015b4                Reset_Handler
 .text.Default_Handler
                0x08001604        0x2 ./Startup/startup_stm32f103c6tx.o
                0x08001604                EXTI2_IRQHandler
                0x08001604                TIM8_TRG_COM_IRQHandler
                0x08001604                TIM8_CC_IRQHandler
                0x08001604                DebugMon_Handler
                0x08001604                TIM1_CC_IRQHandler
                0x08001604                HardFault_Handler
                0x08001604                TIM6_IRQHandler
                0x08001604                SysTick_Handler
                0x08001604                PVD_IRQHandler
                0x08001604                SDIO_IRQHandler
                0x08001604                PendSV_Handler
                0x08001604                NMI_Handler
                0x08001604                EXTI3_IRQHandler
                0x08001604                USB_HP_CAN_TX_IRQHandler
                0x08001604                EXTI0_IRQHandler
                0x08001604                I2C2_EV_IRQHandler
                0x08001604                UsageFault_Handler
                0x08001604                ADC1_2_IRQHandler
                0x08001604                SPI1_IRQHandler
                0x08001604                CAN_SCE_IRQHandler
                0x08001604                TAMPER_IRQHandler
                0x08001604                TIM8_UP_IRQHandler
                0x08001604                DMA2_Channel2_IRQHandler
                0x08001604                DMA1_Channel4_IRQHandler
                0x08001604                RTC_IRQHandler
                0x08001604                DMA1_Channel7_IRQHandler
                0x08001604                UART5_IRQHandler
                0x08001604                ADC3_IRQHandler
                0x08001604                TIM4_IRQHandler
                0x08001604                CAN_RX1_IRQHandler
                0x08001604                DMA2_Channel1_IRQHandler
                0x08001604                I2C1_EV_IRQHandler
                0x08001604                DMA1_Channel6_IRQHandler
                0x08001604                UART4_IRQHandler
                0x08001604                TIM3_IRQHandler
                0x08001604                RCC_IRQHandler
                0x08001604                TIM1_TRG_COM_IRQHandler
                0x08001604                DMA1_Channel1_IRQHandler
                0x08001604                Default_Handler
                0x08001604                EXTI15_10_IRQHandler
                0x08001604                TIM7_IRQHandler
                0x08001604                TIM5_IRQHandler
                0x08001604                EXTI9_5_IRQHandler
                0x08001604                SPI2_IRQHandler
                0x08001604                USB_LP_CAN_RX0_IRQHandler
                0x08001604                MemManage_Handler
                0x08001604                SVC_Handler
                0x08001604                DMA1_Channel5_IRQHandler
                0x08001604                EXTI4_IRQHandler
                0x08001604                DMA1_Channel3_IRQHandler
                0x08001604                FSMC_IRQHandler
                0x08001604                TIM1_UP_IRQHandler
                0x08001604                WWDG_IRQHandler
                0x08001604                TIM2_IRQHandler
                0x08001604                TIM1_BRK_IRQHandler
                0x08001604                EXTI1_IRQHandler
                0x08001604                RTCAlarm_IRQHandler
                0x08001604                DMA2_Channel4_5_IRQHandler
                0x08001604                I2C2_ER_IRQHandler
                0x08001604                DMA1_Channel2_IRQHandler
                0x08001604                TIM8_BRK_IRQHandler
                0x08001604                FLASH_IRQHandler
                0x08001604                BusFault_Handler
                0x08001604                SPI3_IRQHandler
                0x08001604                I2C1_ER_IRQHandler
                0x08001604                DMA2_Channel3_IRQHandler
 *fill*         0x08001606        0x2 
 .text.Timer2_init
                0x08001608       0x54 ./stm32f103x6_drivers/Timer.o
                0x08001608                Timer2_init
 .text.dus      0x0800165c       0x2c ./stm32f103x6_drivers/Timer.o
                0x0800165c                dus
 .text.dms      0x08001688       0x32 ./stm32f103x6_drivers/Timer.o
                0x08001688                dms
 *fill*         0x080016ba        0x2 
 .text.MCAL_RCC_get_SYSCLK
                0x080016bc       0x28 ./stm32f103x6_drivers/stm32f103x6_RCC_driver.o
                0x080016bc                MCAL_RCC_get_SYSCLK
 .text.MCAL_RCC_get_HCLK
                0x080016e4       0x3c ./stm32f103x6_drivers/stm32f103x6_RCC_driver.o
                0x080016e4                MCAL_RCC_get_HCLK
 .text.MCAL_RCC_get_PCLK1
                0x08001720       0x38 ./stm32f103x6_drivers/stm32f103x6_RCC_driver.o
                0x08001720                MCAL_RCC_get_PCLK1
 .text.MCAL_RCC_get_PCLK2
                0x08001758       0x38 ./stm32f103x6_drivers/stm32f103x6_RCC_driver.o
                0x08001758                MCAL_RCC_get_PCLK2
 .text.MCAL_USART_Init
                0x08001790      0x340 ./stm32f103x6_drivers/stm32f103x6_USART_driver.o
                0x08001790                MCAL_USART_Init
 .text.MCAL_USART_RX
                0x08001ad0      0x158 ./stm32f103x6_drivers/stm32f103x6_USART_driver.o
                0x08001ad0                MCAL_USART_RX
 .text.MCAL_USART_GPIO_Set_Pins
                0x08001c28      0x34c ./stm32f103x6_drivers/stm32f103x6_USART_driver.o
                0x08001c28                MCAL_USART_GPIO_Set_Pins
 .text.USART1_IRQHandler
                0x08001f74       0x14 ./stm32f103x6_drivers/stm32f103x6_USART_driver.o
                0x08001f74                USART1_IRQHandler
 .text.USART2_IRQHandler
                0x08001f88       0x14 ./stm32f103x6_drivers/stm32f103x6_USART_driver.o
                0x08001f88                USART2_IRQHandler
 .text.USART3_IRQHandler
                0x08001f9c       0x14 ./stm32f103x6_drivers/stm32f103x6_USART_driver.o
                0x08001f9c                USART3_IRQHandler
 .text.Get_CRLH_loc
                0x08001fb0      0x198 ./stm32f103x6_drivers/stm32f103x6_gpio_driver.o
                0x08001fb0                Get_CRLH_loc
 .text.MCAL_GPIO_Init
                0x08002148      0x126 ./stm32f103x6_drivers/stm32f103x6_gpio_driver.o
                0x08002148                MCAL_GPIO_Init
 .text.MCAL_GPIO_Read_Pin
                0x0800226e       0x2e ./stm32f103x6_drivers/stm32f103x6_gpio_driver.o
                0x0800226e                MCAL_GPIO_Read_Pin
 .text.MCAL_GPIO_Write_Pin
                0x0800229c       0x3c ./stm32f103x6_drivers/stm32f103x6_gpio_driver.o
                0x0800229c                MCAL_GPIO_Write_Pin
 .text.__libc_init_array
                0x080022d8       0x48 C:/ST/STM32CubeIDE_1.16.1/STM32CubeIDE/plugins/com.st.stm32cube.ide.mcu.externaltools.gnu-tools-for-stm32.12.3.rel1.win32_1.0.200.202406191623/tools/bin/../lib/gcc/arm-none-eabi/12.3.1/../../../../arm-none-eabi/lib/thumb/v7-m/nofp\libc_nano.a(libc_a-init.o)
                0x080022d8                __libc_init_array
 *(.glue_7)
 .glue_7        0x08002320        0x0 linker stubs
 *(.glue_7t)
 .glue_7t       0x08002320        0x0 linker stubs
 *(.eh_frame)
 .eh_frame      0x08002320        0x0 C:/ST/STM32CubeIDE_1.16.1/STM32CubeIDE/plugins/com.st.stm32cube.ide.mcu.externaltools.gnu-tools-for-stm32.12.3.rel1.win32_1.0.200.202406191623/tools/bin/../lib/gcc/arm-none-eabi/12.3.1/thumb/v7-m/nofp/crtbegin.o
 *(.init)
 .init          0x08002320        0x4 C:/ST/STM32CubeIDE_1.16.1/STM32CubeIDE/plugins/com.st.stm32cube.ide.mcu.externaltools.gnu-tools-for-stm32.12.3.rel1.win32_1.0.200.202406191623/tools/bin/../lib/gcc/arm-none-eabi/12.3.1/thumb/v7-m/nofp/crti.o
                0x08002320                _init
 .init          0x08002324        0x8 C:/ST/STM32CubeIDE_1.16.1/STM32CubeIDE/plugins/com.st.stm32cube.ide.mcu.externaltools.gnu-tools-for-stm32.12.3.rel1.win32_1.0.200.202406191623/tools/bin/../lib/gcc/arm-none-eabi/12.3.1/thumb/v7-m/nofp/crtn.o
 *(.fini)
 .fini          0x0800232c        0x4 C:/ST/STM32CubeIDE_1.16.1/STM32CubeIDE/plugins/com.st.stm32cube.ide.mcu.externaltools.gnu-tools-for-stm32.12.3.rel1.win32_1.0.200.202406191623/tools/bin/../lib/gcc/arm-none-eabi/12.3.1/thumb/v7-m/nofp/crti.o
                0x0800232c                _fini
 .fini          0x08002330        0x8 C:/ST/STM32CubeIDE_1.16.1/STM32CubeIDE/plugins/com.st.stm32cube.ide.mcu.externaltools.gnu-tools-for-stm32.12.3.rel1.win32_1.0.200.202406191623/tools/bin/../lib/gcc/arm-none-eabi/12.3.1/thumb/v7-m/nofp/crtn.o
                0x08002338                        . = ALIGN (0x4)
                0x08002338                        _etext = .

.vfp11_veneer   0x08002338        0x0
 .vfp11_veneer  0x08002338        0x0 linker stubs

.v4_bx          0x08002338        0x0
 .v4_bx         0x08002338        0x0 linker stubs

.iplt           0x08002338        0x0
 .iplt          0x08002338        0x0 C:/ST/STM32CubeIDE_1.16.1/STM32CubeIDE/plugins/com.st.stm32cube.ide.mcu.externaltools.gnu-tools-for-stm32.12.3.rel1.win32_1.0.200.202406191623/tools/bin/../lib/gcc/arm-none-eabi/12.3.1/thumb/v7-m/nofp/crtbegin.o

.rodata         0x08002338      0x10c
                0x08002338                        . = ALIGN (0x4)
 *(.rodata)
 .rodata        0x08002338      0x10c ./Src/main.o
 *(.rodata*)
                0x08002444                        . = ALIGN (0x4)

.rel.dyn        0x08002444        0x0
 .rel.iplt      0x08002444        0x0 C:/ST/STM32CubeIDE_1.16.1/STM32CubeIDE/plugins/com.st.stm32cube.ide.mcu.externaltools.gnu-tools-for-stm32.12.3.rel1.win32_1.0.200.202406191623/tools/bin/../lib/gcc/arm-none-eabi/12.3.1/thumb/v7-m/nofp/crtbegin.o

.ARM.extab      0x08002444        0x0
                0x08002444                        . = ALIGN (0x4)
 *(.ARM.extab* .gnu.linkonce.armextab.*)
                0x08002444                        . = ALIGN (0x4)

.ARM            0x08002444        0x0
                0x08002444                        . = ALIGN (0x4)
                0x08002444                        __exidx_start = .
 *(.ARM.exidx*)
                0x08002444                        __exidx_end = .
                0x08002444                        . = ALIGN (0x4)

.preinit_array  0x08002444        0x0
                0x08002444                        . = ALIGN (0x4)
                0x08002444                        PROVIDE (__preinit_array_start = .)
 *(.preinit_array*)
                0x08002444                        PROVIDE (__preinit_array_end = .)
                0x08002444                        . = ALIGN (0x4)

.init_array     0x08002444        0x4
                0x08002444                        . = ALIGN (0x4)
                0x08002444                        PROVIDE (__init_array_start = .)
 *(SORT_BY_NAME(.init_array.*))
 *(.init_array*)
 .init_array    0x08002444        0x4 C:/ST/STM32CubeIDE_1.16.1/STM32CubeIDE/plugins/com.st.stm32cube.ide.mcu.externaltools.gnu-tools-for-stm32.12.3.rel1.win32_1.0.200.202406191623/tools/bin/../lib/gcc/arm-none-eabi/12.3.1/thumb/v7-m/nofp/crtbegin.o
                0x08002448                        PROVIDE (__init_array_end = .)
                0x08002448                        . = ALIGN (0x4)

.fini_array     0x08002448        0x4
                0x08002448                        . = ALIGN (0x4)
                [!provide]                        PROVIDE (__fini_array_start = .)
 *(SORT_BY_NAME(.fini_array.*))
 *(.fini_array*)
 .fini_array    0x08002448        0x4 C:/ST/STM32CubeIDE_1.16.1/STM32CubeIDE/plugins/com.st.stm32cube.ide.mcu.externaltools.gnu-tools-for-stm32.12.3.rel1.win32_1.0.200.202406191623/tools/bin/../lib/gcc/arm-none-eabi/12.3.1/thumb/v7-m/nofp/crtbegin.o
                [!provide]                        PROVIDE (__fini_array_end = .)
                0x0800244c                        . = ALIGN (0x4)
                0x0800244c                        _sidata = LOADADDR (.data)

.data           0x20000000       0x48 load address 0x0800244c
                0x20000000                        . = ALIGN (0x4)
                0x20000000                        _sdata = .
 *(.data)
 *(.data*)
 .data.ROWS     0x20000000        0x8 ./HAL/Src/keyPad.o
                0x20000000                ROWS
 .data.COLS     0x20000008        0x6 ./HAL/Src/keyPad.o
                0x20000008                COLS
 *fill*         0x2000000e        0x2 
 .data.Keys     0x20000010        0xc ./HAL/Src/keyPad.o
                0x20000010                Keys
 .data.empty_slots
                0x2000001c        0x1 ./Src/main.o
                0x2000001c                empty_slots
 *fill*         0x2000001d        0x3 
 .data.AHB_Prescaler
                0x20000020       0x20 ./stm32f103x6_drivers/stm32f103x6_RCC_driver.o
                0x20000020                AHB_Prescaler
 .data.APB_1_or_2_Prescaler
                0x20000040        0x8 ./stm32f103x6_drivers/stm32f103x6_RCC_driver.o
                0x20000040                APB_1_or_2_Prescaler
                0x20000048                        . = ALIGN (0x4)
                0x20000048                        _edata = .

.igot.plt       0x20000048        0x0 load address 0x08002494
 .igot.plt      0x20000048        0x0 C:/ST/STM32CubeIDE_1.16.1/STM32CubeIDE/plugins/com.st.stm32cube.ide.mcu.externaltools.gnu-tools-for-stm32.12.3.rel1.win32_1.0.200.202406191623/tools/bin/../lib/gcc/arm-none-eabi/12.3.1/thumb/v7-m/nofp/crtbegin.o
                0x20000048                        . = ALIGN (0x4)

.bss            0x20000048       0xac load address 0x08002494
                0x20000048                        _sbss = .
                0x20000048                        __bss_start__ = _sbss
 *(.bss)
 .bss           0x20000048       0x1c C:/ST/STM32CubeIDE_1.16.1/STM32CubeIDE/plugins/com.st.stm32cube.ide.mcu.externaltools.gnu-tools-for-stm32.12.3.rel1.win32_1.0.200.202406191623/tools/bin/../lib/gcc/arm-none-eabi/12.3.1/thumb/v7-m/nofp/crtbegin.o
 *(.bss*)
 .bss.number_of_characters
                0x20000064        0x1 ./HAL/Src/lcd.o
                0x20000064                number_of_characters
 .bss.is_clearing
                0x20000065        0x1 ./HAL/Src/lcd.o
                0x20000065                is_clearing
 *fill*         0x20000066        0x2 
 .bss.lcd1      0x20000068       0x14 ./Src/main.o
                0x20000068                lcd1
 .bss.lcd2      0x2000007c       0x14 ./Src/main.o
                0x2000007c                lcd2
 .bss.allowed_ids
                0x20000090        0x3 ./Src/main.o
                0x20000090                allowed_ids
 *fill*         0x20000093        0x1 
 .bss.Global_USARTS_config
                0x20000094       0x60 ./stm32f103x6_drivers/stm32f103x6_USART_driver.o
                0x20000094                Global_USARTS_config
 *(COMMON)
                0x200000f4                        . = ALIGN (0x4)
                0x200000f4                        _ebss = .
                0x200000f4                        __bss_end__ = _ebss

._user_heap_stack
                0x200000f4      0x604 load address 0x08002494
                0x200000f8                        . = ALIGN (0x8)
 *fill*         0x200000f4        0x4 
                [!provide]                        PROVIDE (end = .)
                0x200000f8                        PROVIDE (_end = .)
                0x200002f8                        . = (. + _Min_Heap_Size)
 *fill*         0x200000f8      0x200 
                0x200006f8                        . = (. + _Min_Stack_Size)
 *fill*         0x200002f8      0x400 
                0x200006f8                        . = ALIGN (0x8)

/DISCARD/
 libc.a(*)
 libm.a(*)
 libgcc.a(*)

.ARM.attributes
                0x00000000       0x29
 *(.ARM.attributes)
 .ARM.attributes
                0x00000000       0x1d C:/ST/STM32CubeIDE_1.16.1/STM32CubeIDE/plugins/com.st.stm32cube.ide.mcu.externaltools.gnu-tools-for-stm32.12.3.rel1.win32_1.0.200.202406191623/tools/bin/../lib/gcc/arm-none-eabi/12.3.1/thumb/v7-m/nofp/crti.o
 .ARM.attributes
                0x0000001d       0x2d C:/ST/STM32CubeIDE_1.16.1/STM32CubeIDE/plugins/com.st.stm32cube.ide.mcu.externaltools.gnu-tools-for-stm32.12.3.rel1.win32_1.0.200.202406191623/tools/bin/../lib/gcc/arm-none-eabi/12.3.1/thumb/v7-m/nofp/crtbegin.o
 .ARM.attributes
                0x0000004a       0x2d ./HAL/Src/PIR.o
 .ARM.attributes
                0x00000077       0x2d ./HAL/Src/Servo_Motor.o
 .ARM.attributes
                0x000000a4       0x2d ./HAL/Src/alarm.o
 .ARM.attributes
                0x000000d1       0x2d ./HAL/Src/keyPad.o
 .ARM.attributes
                0x000000fe       0x2d ./HAL/Src/lcd.o
 .ARM.attributes
                0x0000012b       0x2d ./Src/main.o
 .ARM.attributes
                0x00000158       0x21 ./Startup/startup_stm32f103c6tx.o
 .ARM.attributes
                0x00000179       0x2d ./stm32f103x6_drivers/Timer.o
 .ARM.attributes
                0x000001a6       0x2d ./stm32f103x6_drivers/stm32f103x6_RCC_driver.o
 .ARM.attributes
                0x000001d3       0x2d ./stm32f103x6_drivers/stm32f103x6_USART_driver.o
 .ARM.attributes
                0x00000200       0x2d ./stm32f103x6_drivers/stm32f103x6_gpio_driver.o
 .ARM.attributes
                0x0000022d       0x2d C:/ST/STM32CubeIDE_1.16.1/STM32CubeIDE/plugins/com.st.stm32cube.ide.mcu.externaltools.gnu-tools-for-stm32.12.3.rel1.win32_1.0.200.202406191623/tools/bin/../lib/gcc/arm-none-eabi/12.3.1/../../../../arm-none-eabi/lib/thumb/v7-m/nofp\libc_nano.a(libc_a-init.o)
 .ARM.attributes
                0x0000025a       0x1d C:/ST/STM32CubeIDE_1.16.1/STM32CubeIDE/plugins/com.st.stm32cube.ide.mcu.externaltools.gnu-tools-for-stm32.12.3.rel1.win32_1.0.200.202406191623/tools/bin/../lib/gcc/arm-none-eabi/12.3.1/thumb/v7-m/nofp\libgcc.a(_arm_addsubdf3.o)
 .ARM.attributes
                0x00000277       0x1d C:/ST/STM32CubeIDE_1.16.1/STM32CubeIDE/plugins/com.st.stm32cube.ide.mcu.externaltools.gnu-tools-for-stm32.12.3.rel1.win32_1.0.200.202406191623/tools/bin/../lib/gcc/arm-none-eabi/12.3.1/thumb/v7-m/nofp\libgcc.a(_arm_muldivdf3.o)
 .ARM.attributes
                0x00000294       0x1d C:/ST/STM32CubeIDE_1.16.1/STM32CubeIDE/plugins/com.st.stm32cube.ide.mcu.externaltools.gnu-tools-for-stm32.12.3.rel1.win32_1.0.200.202406191623/tools/bin/../lib/gcc/arm-none-eabi/12.3.1/thumb/v7-m/nofp\libgcc.a(_arm_fixunsdfsi.o)
 .ARM.attributes
                0x000002b1       0x1d C:/ST/STM32CubeIDE_1.16.1/STM32CubeIDE/plugins/com.st.stm32cube.ide.mcu.externaltools.gnu-tools-for-stm32.12.3.rel1.win32_1.0.200.202406191623/tools/bin/../lib/gcc/arm-none-eabi/12.3.1/thumb/v7-m/nofp/crtn.o
OUTPUT(smart_car_parking.elf elf32-littlearm)
LOAD linker stubs
LOAD C:/ST/STM32CubeIDE_1.16.1/STM32CubeIDE/plugins/com.st.stm32cube.ide.mcu.externaltools.gnu-tools-for-stm32.12.3.rel1.win32_1.0.200.202406191623/tools/bin/../lib/gcc/arm-none-eabi/12.3.1/../../../../arm-none-eabi/lib/thumb/v7-m/nofp\libc.a
LOAD C:/ST/STM32CubeIDE_1.16.1/STM32CubeIDE/plugins/com.st.stm32cube.ide.mcu.externaltools.gnu-tools-for-stm32.12.3.rel1.win32_1.0.200.202406191623/tools/bin/../lib/gcc/arm-none-eabi/12.3.1/../../../../arm-none-eabi/lib/thumb/v7-m/nofp\libm.a
LOAD C:/ST/STM32CubeIDE_1.16.1/STM32CubeIDE/plugins/com.st.stm32cube.ide.mcu.externaltools.gnu-tools-for-stm32.12.3.rel1.win32_1.0.200.202406191623/tools/bin/../lib/gcc/arm-none-eabi/12.3.1/thumb/v7-m/nofp\libgcc.a

.debug_info     0x00000000     0x2583
 .debug_info    0x00000000      0x258 ./HAL/Src/PIR.o
 .debug_info    0x00000258      0x293 ./HAL/Src/Servo_Motor.o
 .debug_info    0x000004eb      0x2a4 ./HAL/Src/alarm.o
 .debug_info    0x0000078f      0x32b ./HAL/Src/keyPad.o
 .debug_info    0x00000aba      0x590 ./HAL/Src/lcd.o
 .debug_info    0x0000104a      0x75a ./Src/main.o
 .debug_info    0x000017a4       0x30 ./Startup/startup_stm32f103c6tx.o
 .debug_info    0x000017d4      0x112 ./stm32f103x6_drivers/Timer.o
 .debug_info    0x000018e6      0x2d8 ./stm32f103x6_drivers/stm32f103x6_RCC_driver.o
 .debug_info    0x00001bbe      0x5df ./stm32f103x6_drivers/stm32f103x6_USART_driver.o
 .debug_info    0x0000219d      0x3e6 ./stm32f103x6_drivers/stm32f103x6_gpio_driver.o

.debug_abbrev   0x00000000      0xc87
 .debug_abbrev  0x00000000      0x10c ./HAL/Src/PIR.o
 .debug_abbrev  0x0000010c      0x108 ./HAL/Src/Servo_Motor.o
 .debug_abbrev  0x00000214      0x108 ./HAL/Src/alarm.o
 .debug_abbrev  0x0000031c      0x168 ./HAL/Src/keyPad.o
 .debug_abbrev  0x00000484      0x177 ./HAL/Src/lcd.o
 .debug_abbrev  0x000005fb      0x21b ./Src/main.o
 .debug_abbrev  0x00000816       0x1d ./Startup/startup_stm32f103c6tx.o
 .debug_abbrev  0x00000833       0xb2 ./stm32f103x6_drivers/Timer.o
 .debug_abbrev  0x000008e5      0x100 ./stm32f103x6_drivers/stm32f103x6_RCC_driver.o
 .debug_abbrev  0x000009e5      0x18f ./stm32f103x6_drivers/stm32f103x6_USART_driver.o
 .debug_abbrev  0x00000b74      0x113 ./stm32f103x6_drivers/stm32f103x6_gpio_driver.o

.debug_loc      0x00000000     0x11c0
 .debug_loc     0x00000000       0xa0 ./HAL/Src/PIR.o
 .debug_loc     0x000000a0      0x140 ./HAL/Src/Servo_Motor.o
 .debug_loc     0x000001e0       0xf0 ./HAL/Src/alarm.o
 .debug_loc     0x000002d0      0x128 ./HAL/Src/keyPad.o
 .debug_loc     0x000003f8      0x3cc ./HAL/Src/lcd.o
 .debug_loc     0x000007c4      0x258 ./Src/main.o
 .debug_loc     0x00000a1c       0xf0 ./stm32f103x6_drivers/Timer.o
 .debug_loc     0x00000b0c      0x14c ./stm32f103x6_drivers/stm32f103x6_RCC_driver.o
 .debug_loc     0x00000c58      0x238 ./stm32f103x6_drivers/stm32f103x6_USART_driver.o
 .debug_loc     0x00000e90      0x330 ./stm32f103x6_drivers/stm32f103x6_gpio_driver.o

.debug_aranges  0x00000000      0x2e8
 .debug_aranges
                0x00000000       0x28 ./HAL/Src/PIR.o
 .debug_aranges
                0x00000028       0x38 ./HAL/Src/Servo_Motor.o
 .debug_aranges
                0x00000060       0x30 ./HAL/Src/alarm.o
 .debug_aranges
                0x00000090       0x38 ./HAL/Src/keyPad.o
 .debug_aranges
                0x000000c8       0x78 ./HAL/Src/lcd.o
 .debug_aranges
                0x00000140       0x60 ./Src/main.o
 .debug_aranges
                0x000001a0       0x28 ./Startup/startup_stm32f103c6tx.o
 .debug_aranges
                0x000001c8       0x30 ./stm32f103x6_drivers/Timer.o
 .debug_aranges
                0x000001f8       0x38 ./stm32f103x6_drivers/stm32f103x6_RCC_driver.o
 .debug_aranges
                0x00000230       0x58 ./stm32f103x6_drivers/stm32f103x6_USART_driver.o
 .debug_aranges
                0x00000288       0x60 ./stm32f103x6_drivers/stm32f103x6_gpio_driver.o

.debug_ranges   0x00000000      0x268
 .debug_ranges  0x00000000       0x18 ./HAL/Src/PIR.o
 .debug_ranges  0x00000018       0x28 ./HAL/Src/Servo_Motor.o
 .debug_ranges  0x00000040       0x20 ./HAL/Src/alarm.o
 .debug_ranges  0x00000060       0x28 ./HAL/Src/keyPad.o
 .debug_ranges  0x00000088       0x68 ./HAL/Src/lcd.o
 .debug_ranges  0x000000f0       0x50 ./Src/main.o
 .debug_ranges  0x00000140       0x20 ./Startup/startup_stm32f103c6tx.o
 .debug_ranges  0x00000160       0x20 ./stm32f103x6_drivers/Timer.o
 .debug_ranges  0x00000180       0x28 ./stm32f103x6_drivers/stm32f103x6_RCC_driver.o
 .debug_ranges  0x000001a8       0x70 ./stm32f103x6_drivers/stm32f103x6_USART_driver.o
 .debug_ranges  0x00000218       0x50 ./stm32f103x6_drivers/stm32f103x6_gpio_driver.o

.debug_macro    0x00000000     0x42df
 .debug_macro   0x00000000      0x156 ./HAL/Src/PIR.o
 .debug_macro   0x00000156      0xaae ./HAL/Src/PIR.o
 .debug_macro   0x00000c04       0x24 ./HAL/Src/PIR.o
 .debug_macro   0x00000c28       0x22 ./HAL/Src/PIR.o
 .debug_macro   0x00000c4a       0x5b ./HAL/Src/PIR.o
 .debug_macro   0x00000ca5       0x94 ./HAL/Src/PIR.o
 .debug_macro   0x00000d39       0x43 ./HAL/Src/PIR.o
 .debug_macro   0x00000d7c       0x34 ./HAL/Src/PIR.o
 .debug_macro   0x00000db0       0x16 ./HAL/Src/PIR.o
 .debug_macro   0x00000dc6      0x11c ./HAL/Src/PIR.o
 .debug_macro   0x00000ee2       0x94 ./HAL/Src/PIR.o
 .debug_macro   0x00000f76       0x16 ./HAL/Src/PIR.o
 .debug_macro   0x00000f8c       0x43 ./HAL/Src/PIR.o
 .debug_macro   0x00000fcf       0x57 ./HAL/Src/PIR.o
 .debug_macro   0x00001026       0x34 ./HAL/Src/PIR.o
 .debug_macro   0x0000105a       0x10 ./HAL/Src/PIR.o
 .debug_macro   0x0000106a       0x58 ./HAL/Src/PIR.o
 .debug_macro   0x000010c2       0x8e ./HAL/Src/PIR.o
 .debug_macro   0x00001150       0x1c ./HAL/Src/PIR.o
 .debug_macro   0x0000116c      0x177 ./HAL/Src/PIR.o
 .debug_macro   0x000012e3      0x369 ./HAL/Src/PIR.o
 .debug_macro   0x0000164c       0x16 ./HAL/Src/PIR.o
 .debug_macro   0x00001662       0x29 ./HAL/Src/PIR.o
 .debug_macro   0x0000168b      0x103 ./HAL/Src/PIR.o
 .debug_macro   0x0000178e       0x6a ./HAL/Src/PIR.o
 .debug_macro   0x000017f8      0x1df ./HAL/Src/PIR.o
 .debug_macro   0x000019d7     0x1388 ./HAL/Src/PIR.o
 .debug_macro   0x00002d5f       0xbe ./HAL/Src/PIR.o
 .debug_macro   0x00002e1d      0x172 ./HAL/Src/Servo_Motor.o
 .debug_macro   0x00002f8f       0x40 ./HAL/Src/Servo_Motor.o
 .debug_macro   0x00002fcf       0x10 ./HAL/Src/Servo_Motor.o
 .debug_macro   0x00002fdf      0x169 ./HAL/Src/alarm.o
 .debug_macro   0x00003148      0x15b ./HAL/Src/keyPad.o
 .debug_macro   0x000032a3       0x3a ./HAL/Src/keyPad.o
 .debug_macro   0x000032dd      0x193 ./HAL/Src/lcd.o
 .debug_macro   0x00003470       0xee ./HAL/Src/lcd.o
 .debug_macro   0x0000355e       0x1c ./HAL/Src/lcd.o
 .debug_macro   0x0000357a       0x35 ./HAL/Src/lcd.o
 .debug_macro   0x000035af       0x10 ./HAL/Src/lcd.o
 .debug_macro   0x000035bf       0x1c ./HAL/Src/lcd.o
 .debug_macro   0x000035db       0x16 ./HAL/Src/lcd.o
 .debug_macro   0x000035f1      0x146 ./HAL/Src/lcd.o
 .debug_macro   0x00003737      0x1e6 ./Src/main.o
 .debug_macro   0x0000391d       0x8e ./Src/main.o
 .debug_macro   0x000039ab       0x51 ./Src/main.o
 .debug_macro   0x000039fc       0x61 ./Src/main.o
 .debug_macro   0x00003a5d       0x10 ./Src/main.o
 .debug_macro   0x00003a6d       0xe8 ./Src/main.o
 .debug_macro   0x00003b55       0x40 ./Src/main.o
 .debug_macro   0x00003b95       0xf4 ./Src/main.o
 .debug_macro   0x00003c89       0x46 ./Src/main.o
 .debug_macro   0x00003ccf      0x155 ./stm32f103x6_drivers/Timer.o
 .debug_macro   0x00003e24       0xc4 ./stm32f103x6_drivers/Timer.o
 .debug_macro   0x00003ee8      0x14d ./stm32f103x6_drivers/stm32f103x6_RCC_driver.o
 .debug_macro   0x00004035      0x15e ./stm32f103x6_drivers/stm32f103x6_USART_driver.o
 .debug_macro   0x00004193      0x14c ./stm32f103x6_drivers/stm32f103x6_gpio_driver.o

.debug_line     0x00000000     0x4acb
 .debug_line    0x00000000      0x621 ./HAL/Src/PIR.o
 .debug_line    0x00000621      0x68d ./HAL/Src/Servo_Motor.o
 .debug_line    0x00000cae      0x64c ./HAL/Src/alarm.o
 .debug_line    0x000012fa      0x6e0 ./HAL/Src/keyPad.o
 .debug_line    0x000019da      0x84f ./HAL/Src/lcd.o
 .debug_line    0x00002229      0x895 ./Src/main.o
 .debug_line    0x00002abe       0x84 ./Startup/startup_stm32f103c6tx.o
 .debug_line    0x00002b42      0x66f ./stm32f103x6_drivers/Timer.o
 .debug_line    0x000031b1      0x674 ./stm32f103x6_drivers/stm32f103x6_RCC_driver.o
 .debug_line    0x00003825      0xa90 ./stm32f103x6_drivers/stm32f103x6_USART_driver.o
 .debug_line    0x000042b5      0x816 ./stm32f103x6_drivers/stm32f103x6_gpio_driver.o

.debug_str      0x00000000     0xf37f
 .debug_str     0x00000000     0xd846 ./HAL/Src/PIR.o
                               0xda4d (size before relaxing)
 .debug_str     0x0000d846      0x291 ./HAL/Src/Servo_Motor.o
                               0xdc78 (size before relaxing)
 .debug_str     0x0000dad7       0x4f ./HAL/Src/alarm.o
                               0xdc34 (size before relaxing)
 .debug_str     0x0000db26       0xf6 ./HAL/Src/keyPad.o
                               0xdb04 (size before relaxing)
 .debug_str     0x0000dc1c      0xa58 ./HAL/Src/lcd.o
                               0xe471 (size before relaxing)
 .debug_str     0x0000e674      0xa04 ./Src/main.o
                               0xea8a (size before relaxing)
 .debug_str     0x0000f078       0x3f ./Startup/startup_stm32f103c6tx.o
                                 0x62 (size before relaxing)
 .debug_str     0x0000f0b7       0x1f ./stm32f103x6_drivers/Timer.o
                               0xdb71 (size before relaxing)
 .debug_str     0x0000f0d6       0xe2 ./stm32f103x6_drivers/stm32f103x6_RCC_driver.o
                               0xd7a4 (size before relaxing)
 .debug_str     0x0000f1b8       0xd2 ./stm32f103x6_drivers/stm32f103x6_USART_driver.o
                               0xe359 (size before relaxing)
 .debug_str     0x0000f28a       0xf5 ./stm32f103x6_drivers/stm32f103x6_gpio_driver.o
                               0xdb0f (size before relaxing)

.comment        0x00000000       0x43
 .comment       0x00000000       0x43 ./HAL/Src/PIR.o
                                 0x44 (size before relaxing)
 .comment       0x00000043       0x44 ./HAL/Src/Servo_Motor.o
 .comment       0x00000043       0x44 ./HAL/Src/alarm.o
 .comment       0x00000043       0x44 ./HAL/Src/keyPad.o
 .comment       0x00000043       0x44 ./HAL/Src/lcd.o
 .comment       0x00000043       0x44 ./Src/main.o
 .comment       0x00000043       0x44 ./stm32f103x6_drivers/Timer.o
 .comment       0x00000043       0x44 ./stm32f103x6_drivers/stm32f103x6_RCC_driver.o
 .comment       0x00000043       0x44 ./stm32f103x6_drivers/stm32f103x6_USART_driver.o
 .comment       0x00000043       0x44 ./stm32f103x6_drivers/stm32f103x6_gpio_driver.o

.debug_frame    0x00000000      0xa28
 .debug_frame   0x00000000       0x58 ./HAL/Src/PIR.o
 .debug_frame   0x00000058       0xa0 ./HAL/Src/Servo_Motor.o
 .debug_frame   0x000000f8       0x7c ./HAL/Src/alarm.o
 .debug_frame   0x00000174       0x9c ./HAL/Src/keyPad.o
 .debug_frame   0x00000210      0x1c4 ./HAL/Src/lcd.o
 .debug_frame   0x000003d4      0x13c ./Src/main.o
 .debug_frame   0x00000510       0x7c ./stm32f103x6_drivers/Timer.o
 .debug_frame   0x0000058c       0xa4 ./stm32f103x6_drivers/stm32f103x6_RCC_driver.o
 .debug_frame   0x00000630      0x134 ./stm32f103x6_drivers/stm32f103x6_USART_driver.o
 .debug_frame   0x00000764      0x178 ./stm32f103x6_drivers/stm32f103x6_gpio_driver.o
 .debug_frame   0x000008dc       0x2c C:/ST/STM32CubeIDE_1.16.1/STM32CubeIDE/plugins/com.st.stm32cube.ide.mcu.externaltools.gnu-tools-for-stm32.12.3.rel1.win32_1.0.200.202406191623/tools/bin/../lib/gcc/arm-none-eabi/12.3.1/../../../../arm-none-eabi/lib/thumb/v7-m/nofp\libc_nano.a(libc_a-init.o)
 .debug_frame   0x00000908       0xac C:/ST/STM32CubeIDE_1.16.1/STM32CubeIDE/plugins/com.st.stm32cube.ide.mcu.externaltools.gnu-tools-for-stm32.12.3.rel1.win32_1.0.200.202406191623/tools/bin/../lib/gcc/arm-none-eabi/12.3.1/thumb/v7-m/nofp\libgcc.a(_arm_addsubdf3.o)
 .debug_frame   0x000009b4       0x50 C:/ST/STM32CubeIDE_1.16.1/STM32CubeIDE/plugins/com.st.stm32cube.ide.mcu.externaltools.gnu-tools-for-stm32.12.3.rel1.win32_1.0.200.202406191623/tools/bin/../lib/gcc/arm-none-eabi/12.3.1/thumb/v7-m/nofp\libgcc.a(_arm_muldivdf3.o)
 .debug_frame   0x00000a04       0x24 C:/ST/STM32CubeIDE_1.16.1/STM32CubeIDE/plugins/com.st.stm32cube.ide.mcu.externaltools.gnu-tools-for-stm32.12.3.rel1.win32_1.0.200.202406191623/tools/bin/../lib/gcc/arm-none-eabi/12.3.1/thumb/v7-m/nofp\libgcc.a(_arm_fixunsdfsi.o)
