stm32f103x6_EXTI_driver.c:12:6:Enable_NVIC	16	static
stm32f103x6_EXTI_driver.c:49:6:Disable_NVIC	16	static
stm32f103x6_EXTI_driver.c:108:6:GPIO_Update	24	static
stm32f103x6_EXTI_driver.c:166:6:MCAL_EXTI_GPIO_Init	16	static
stm32f103x6_EXTI_driver.c:171:6:MCAL_EXTI_GPIO_Update	16	static
stm32f103x6_EXTI_driver.c:175:6:MCAL_EXTI_GPIO_DeInit	4	static
stm32f103x6_EXTI_driver.c:194:6:EXTI0_IRQHandler	8	static
stm32f103x6_EXTI_driver.c:202:6:EXTI1_IRQHandler	8	static
stm32f103x6_EXTI_driver.c:211:6:EXTI2_IRQHandler	8	static
stm32f103x6_EXTI_driver.c:220:6:EXTI3_IRQHandler	8	static
stm32f103x6_EXTI_driver.c:229:6:EXTI4_IRQHandler	8	static
stm32f103x6_EXTI_driver.c:238:6:EXTI9_5_IRQHandler	8	static
stm32f103x6_EXTI_driver.c:248:6:EXTI15_10_IRQHandler	8	static
