stm32f103x6_TIMER_2to5_driver.c:17:6:MCAL_Timer_init	32	static
stm32f103x6_TIMER_2to5_driver.c:88:6:MCAL_Timer_Update	16	static
stm32f103x6_TIMER_2to5_driver.c:94:6:MCAL_Timer_Deinit	16	static
stm32f103x6_TIMER_2to5_driver.c:116:6:MCAL_Timer_Start	32	static
stm32f103x6_TIMER_2to5_driver.c:174:6:MCAL_Timer_Stop	16	static
stm32f103x6_TIMER_2to5_driver.c:184:6:TIM2_IRQHandler	8	static
stm32f103x6_TIMER_2to5_driver.c:200:6:TIM3_IRQHandler	8	static
stm32f103x6_TIMER_2to5_driver.c:214:6:TIM4_IRQHandler	8	static
