Archive member included to satisfy reference by file (symbol)

c:/st/stm32cubeide_1.4.0/stm32cubeide/plugins/com.st.stm32cube.ide.mcu.externaltools.gnu-tools-for-stm32.7-2018-q2-update.win32_1.4.0.202007081208/tools/bin/../lib/gcc/arm-none-eabi/7.3.1/../../../../arm-none-eabi/lib/thumb/v7-m\libc_nano.a(lib_a-errno.o)
                              Src/syscalls.o (__errno)
c:/st/stm32cubeide_1.4.0/stm32cubeide/plugins/com.st.stm32cube.ide.mcu.externaltools.gnu-tools-for-stm32.7-2018-q2-update.win32_1.4.0.202007081208/tools/bin/../lib/gcc/arm-none-eabi/7.3.1/../../../../arm-none-eabi/lib/thumb/v7-m\libc_nano.a(lib_a-exit.o)
                              c:/st/stm32cubeide_1.4.0/stm32cubeide/plugins/com.st.stm32cube.ide.mcu.externaltools.gnu-tools-for-stm32.7-2018-q2-update.win32_1.4.0.202007081208/tools/bin/../lib/gcc/arm-none-eabi/7.3.1/../../../../arm-none-eabi/lib/thumb/v7-m/crt0.o (exit)
c:/st/stm32cubeide_1.4.0/stm32cubeide/plugins/com.st.stm32cube.ide.mcu.externaltools.gnu-tools-for-stm32.7-2018-q2-update.win32_1.4.0.202007081208/tools/bin/../lib/gcc/arm-none-eabi/7.3.1/../../../../arm-none-eabi/lib/thumb/v7-m\libc_nano.a(lib_a-impure.o)
                              c:/st/stm32cubeide_1.4.0/stm32cubeide/plugins/com.st.stm32cube.ide.mcu.externaltools.gnu-tools-for-stm32.7-2018-q2-update.win32_1.4.0.202007081208/tools/bin/../lib/gcc/arm-none-eabi/7.3.1/../../../../arm-none-eabi/lib/thumb/v7-m\libc_nano.a(lib_a-exit.o) (_global_impure_ptr)
c:/st/stm32cubeide_1.4.0/stm32cubeide/plugins/com.st.stm32cube.ide.mcu.externaltools.gnu-tools-for-stm32.7-2018-q2-update.win32_1.4.0.202007081208/tools/bin/../lib/gcc/arm-none-eabi/7.3.1/../../../../arm-none-eabi/lib/thumb/v7-m\libc_nano.a(lib_a-init.o)
                              c:/st/stm32cubeide_1.4.0/stm32cubeide/plugins/com.st.stm32cube.ide.mcu.externaltools.gnu-tools-for-stm32.7-2018-q2-update.win32_1.4.0.202007081208/tools/bin/../lib/gcc/arm-none-eabi/7.3.1/../../../../arm-none-eabi/lib/thumb/v7-m/crt0.o (__libc_init_array)
c:/st/stm32cubeide_1.4.0/stm32cubeide/plugins/com.st.stm32cube.ide.mcu.externaltools.gnu-tools-for-stm32.7-2018-q2-update.win32_1.4.0.202007081208/tools/bin/../lib/gcc/arm-none-eabi/7.3.1/../../../../arm-none-eabi/lib/thumb/v7-m\libc_nano.a(lib_a-memset.o)
                              c:/st/stm32cubeide_1.4.0/stm32cubeide/plugins/com.st.stm32cube.ide.mcu.externaltools.gnu-tools-for-stm32.7-2018-q2-update.win32_1.4.0.202007081208/tools/bin/../lib/gcc/arm-none-eabi/7.3.1/../../../../arm-none-eabi/lib/thumb/v7-m/crt0.o (memset)
c:/st/stm32cubeide_1.4.0/stm32cubeide/plugins/com.st.stm32cube.ide.mcu.externaltools.gnu-tools-for-stm32.7-2018-q2-update.win32_1.4.0.202007081208/tools/bin/../lib/gcc/arm-none-eabi/7.3.1/thumb/v7-m\libgcc.a(_arm_addsubdf3.o)
                              stm32f103x6_drivers/stm32f103x6_USART_driver.o (__aeabi_ui2d)
c:/st/stm32cubeide_1.4.0/stm32cubeide/plugins/com.st.stm32cube.ide.mcu.externaltools.gnu-tools-for-stm32.7-2018-q2-update.win32_1.4.0.202007081208/tools/bin/../lib/gcc/arm-none-eabi/7.3.1/thumb/v7-m\libgcc.a(_arm_muldivdf3.o)
                              stm32f103x6_drivers/stm32f103x6_USART_driver.o (__aeabi_dmul)
c:/st/stm32cubeide_1.4.0/stm32cubeide/plugins/com.st.stm32cube.ide.mcu.externaltools.gnu-tools-for-stm32.7-2018-q2-update.win32_1.4.0.202007081208/tools/bin/../lib/gcc/arm-none-eabi/7.3.1/thumb/v7-m\libgcc.a(_arm_fixunsdfsi.o)
                              stm32f103x6_drivers/stm32f103x6_USART_driver.o (__aeabi_d2uiz)

Allocating common symbols
Common symbol       size              file

Global_USARTS_config
                    0x60              stm32f103x6_drivers/stm32f103x6_USART_driver.o
G_Counter_Val       0x6               stm32f103x6_drivers/stm32f103x6_TIMER_2to5_driver.o
G_TIM_Config        0x3c              stm32f103x6_drivers/stm32f103x6_TIMER_2to5_driver.o
GP_IRQ_Callback_FUNS
                    0x3c              stm32f103x6_drivers/stm32f103x6_EXTI_driver.o

Discarded input sections

 .text          0x0000000000000000        0x0 c:/st/stm32cubeide_1.4.0/stm32cubeide/plugins/com.st.stm32cube.ide.mcu.externaltools.gnu-tools-for-stm32.7-2018-q2-update.win32_1.4.0.202007081208/tools/bin/../lib/gcc/arm-none-eabi/7.3.1/thumb/v7-m/crti.o
 .data          0x0000000000000000        0x0 c:/st/stm32cubeide_1.4.0/stm32cubeide/plugins/com.st.stm32cube.ide.mcu.externaltools.gnu-tools-for-stm32.7-2018-q2-update.win32_1.4.0.202007081208/tools/bin/../lib/gcc/arm-none-eabi/7.3.1/thumb/v7-m/crti.o
 .bss           0x0000000000000000        0x0 c:/st/stm32cubeide_1.4.0/stm32cubeide/plugins/com.st.stm32cube.ide.mcu.externaltools.gnu-tools-for-stm32.7-2018-q2-update.win32_1.4.0.202007081208/tools/bin/../lib/gcc/arm-none-eabi/7.3.1/thumb/v7-m/crti.o
 .data          0x0000000000000000        0x4 c:/st/stm32cubeide_1.4.0/stm32cubeide/plugins/com.st.stm32cube.ide.mcu.externaltools.gnu-tools-for-stm32.7-2018-q2-update.win32_1.4.0.202007081208/tools/bin/../lib/gcc/arm-none-eabi/7.3.1/thumb/v7-m/crtbegin.o
[...]
Memory Configuration

Name             Origin             Length             Attributes
RAM              0x0000000020000000 0x0000000000002800 xrw
ROM              0x0000000008000000 0x0000000000008000 xr
*default*        0x0000000000000000 0xffffffffffffffff

Linker script and memory map

LOAD c:/st/stm32cubeide_1.4.0/stm32cubeide/plugins/com.st.stm32cube.ide.mcu.externaltools.gnu-tools-for-stm32.7-2018-q2-update.win32_1.4.0.202007081208/tools/bin/../lib/gcc/arm-none-eabi/7.3.1/thumb/v7-m/crti.o
LOAD c:/st/stm32cubeide_1.4.0/stm32cubeide/plugins/com.st.stm32cube.ide.mcu.externaltools.gnu-tools-for-stm32.7-2018-q2-update.win32_1.4.0.202007081208/tools/bin/../lib/gcc/arm-none-eabi/7.3.1/thumb/v7-m/crtbegin.o
LOAD c:/st/stm32cubeide_1.4.0/stm32cubeide/plugins/com.st.stm32cube.ide.mcu.externaltools.gnu-tools-for-stm32.7-2018-q2-update.win32_1.4.0.202007081208/tools/bin/../lib/gcc/arm-none-eabi/7.3.1/../../../../arm-none-eabi/lib/thumb/v7-m/crt0.o
LOAD HAL/I2C_slave_EEPROM.o
LOAD Src/main.o
LOAD Src/syscalls.o
LOAD Src/sysmem.o
LOAD Startup/startup_stm32f103c6tx.o
LOAD stm32f103x6_drivers/stm32f103x6_EXTI_driver.o
LOAD stm32f103x6_drivers/stm32f103x6_I2C_driver.o
LOAD stm32f103x6_drivers/stm32f103x6_RCC_driver.o
LOAD stm32f103x6_drivers/stm32f103x6_SPI_driver.o
LOAD stm32f103x6_drivers/stm32f103x6_TIMER_2to5_driver.o
LOAD stm32f103x6_drivers/stm32f103x6_USART_driver.o
LOAD stm32f103x6_drivers/stm32f103x6_gpio_driver.o
START GROUP
LOAD c:/st/stm32cubeide_1.4.0/stm32cubeide/plugins/com.st.stm32cube.ide.mcu.externaltools.gnu-tools-for-stm32.7-2018-q2-update.win32_1.4.0.202007081208/tools/bin/../lib/gcc/arm-none-eabi/7.3.1/../../../../arm-none-eabi/lib/thumb/v7-m\libc_nano.a
LOAD c:/st/stm32cubeide_1.4.0/stm32cubeide/plugins/com.st.stm32cube.ide.mcu.externaltools.gnu-tools-for-stm32.7-2018-q2-update.win32_1.4.0.202007081208/tools/bin/../lib/gcc/arm-none-eabi/7.3.1/../../../../arm-none-eabi/lib/thumb/v7-m\libm.a
END GROUP
START GROUP
LOAD c:/st/stm32cubeide_1.4.0/stm32cubeide/plugins/com.st.stm32cube.ide.mcu.externaltools.gnu-tools-for-stm32.7-2018-q2-update.win32_1.4.0.202007081208/tools/bin/../lib/gcc/arm-none-eabi/7.3.1/thumb/v7-m\libgcc.a
LOAD c:/st/stm32cubeide_1.4.0/stm32cubeide/plugins/com.st.stm32cube.ide.mcu.externaltools.gnu-tools-for-stm32.7-2018-q2-update.win32_1.4.0.202007081208/tools/bin/../lib/gcc/arm-none-eabi/7.3.1/../../../../arm-none-eabi/lib/thumb/v7-m\libg_nano.a
LOAD c:/st/stm32cubeide_1.4.0/stm32cubeide/plugins/com.st.stm32cube.ide.mcu.externaltools.gnu-tools-for-stm32.7-2018-q2-update.win32_1.4.0.202007081208/tools/bin/../lib/gcc/arm-none-eabi/7.3.1/../../../../arm-none-eabi/lib/thumb/v7-m\libc_nano.a
END GROUP
START GROUP
LOAD c:/st/stm32cubeide_1.4.0/stm32cubeide/plugins/com.st.stm32cube.ide.mcu.externaltools.gnu-tools-for-stm32.7-2018-q2-update.win32_1.4.0.202007081208/tools/bin/../lib/gcc/arm-none-eabi/7.3.1/thumb/v7-m\libgcc.a
LOAD c:/st/stm32cubeide_1.4.0/stm32cubeide/plugins/com.st.stm32cube.ide.mcu.externaltools.gnu-tools-for-stm32.7-2018-q2-update.win32_1.4.0.202007081208/tools/bin/../lib/gcc/arm-none-eabi/7.3.1/../../../../arm-none-eabi/lib/thumb/v7-m\libc_nano.a
LOAD c:/st/stm32cubeide_1.4.0/stm32cubeide/plugins/com.st.stm32cube.ide.mcu.externaltools.gnu-tools-for-stm32.7-2018-q2-update.win32_1.4.0.202007081208/tools/bin/../lib/gcc/arm-none-eabi/7.3.1/../../../../arm-none-eabi/lib/thumb/v7-m\libnosys.a
END GROUP
START GROUP
LOAD c:/st/stm32cubeide_1.4.0/stm32cubeide/plugins/com.st.stm32cube.ide.mcu.externaltools.gnu-tools-for-stm32.7-2018-q2-update.win32_1.4.0.202007081208/tools/bin/../lib/gcc/arm-none-eabi/7.3.1/thumb/v7-m\libgcc.a
LOAD c:/st/stm32cubeide_1.4.0/stm32cubeide/plugins/com.st.stm32cube.ide.mcu.externaltools.gnu-tools-for-stm32.7-2018-q2-update.win32_1.4.0.202007081208/tools/bin/../lib/gcc/arm-none-eabi/7.3.1/../../../../arm-none-eabi/lib/thumb/v7-m\libc_nano.a
LOAD c:/st/stm32cubeide_1.4.0/stm32cubeide/plugins/com.st.stm32cube.ide.mcu.externaltools.gnu-tools-for-stm32.7-2018-q2-update.win32_1.4.0.202007081208/tools/bin/../lib/gcc/arm-none-eabi/7.3.1/../../../../arm-none-eabi/lib/thumb/v7-m\libnosys.a
END GROUP
LOAD c:/st/stm32cubeide_1.4.0/stm32cubeide/plugins/com.st.stm32cube.ide.mcu.externaltools.gnu-tools-for-stm32.7-2018-q2-update.win32_1.4.0.202007081208/tools/bin/../lib/gcc/arm-none-eabi/7.3.1/thumb/v7-m/crtend.o
LOAD c:/st/stm32cubeide_1.4.0/stm32cubeide/plugins/com.st.stm32cube.ide.mcu.externaltools.gnu-tools-for-stm32.7-2018-q2-update.win32_1.4.0.202007081208/tools/bin/../lib/gcc/arm-none-eabi/7.3.1/thumb/v7-m/crtn.o
                0x0000000020002800                _estack = (ORIGIN (RAM) + LENGTH (RAM))
                0x0000000000000200                _Min_Heap_Size = 0x200
                0x0000000000000400                _Min_Stack_Size = 0x400

.isr_vector     0x0000000008000000      0x130
                0x0000000008000000                . = ALIGN (0x4)
 *(.isr_vector)
 .isr_vector    0x0000000008000000      0x130 Startup/startup_stm32f103c6tx.o
                0x0000000008000000                g_pfnVectors
                0x0000000008000130                . = ALIGN (0x4)

.text           0x0000000008000130      0x9bc
                0x0000000008000130                . = ALIGN (0x4)
 *(.text)
 .text          0x0000000008000130       0x40 c:/st/stm32cubeide_1.4.0/stm32cubeide/plugins/com.st.stm32cube.ide.mcu.externaltools.gnu-tools-for-stm32.7-2018-q2-update.win32_1.4.0.202007081208/tools/bin/../lib/gcc/arm-none-eabi/7.3.1/thumb/v7-m/crtbegin.o
 *(.text*)
 .text.main     0x0000000008000170       0xb0 Src/main.o
                0x0000000008000170                main
 .text.led_toggling
                0x0000000008000220       0x18 Src/main.o
                0x0000000008000220                led_toggling
 .text.Reset_Handler
                0x0000000008000238       0x50 Startup/startup_stm32f103c6tx.o
                0x0000000008000238                Reset_Handler
 .text.Default_Handler
                0x0000000008000288        0x2 Startup/startup_stm32f103c6tx.o
                0x0000000008000288                TIM8_TRG_COM_IRQHandler
                0x0000000008000288                TIM8_CC_IRQHandler
                0x0000000008000288                DebugMon_Handler
                0x0000000008000288                TIM1_CC_IRQHandler
                0x0000000008000288                HardFault_Handler
                0x0000000008000288                TIM6_IRQHandler
                0x0000000008000288                SysTick_Handler
                0x0000000008000288                PVD_IRQHandler
                0x0000000008000288                SDIO_IRQHandler
                0x0000000008000288                PendSV_Handler
                0x0000000008000288                NMI_Handler
                0x0000000008000288                USB_HP_CAN_TX_IRQHandler
                0x0000000008000288                I2C2_EV_IRQHandler
                0x0000000008000288                UsageFault_Handler
                0x0000000008000288                ADC1_2_IRQHandler
                0x0000000008000288                SPI1_IRQHandler
                0x0000000008000288                CAN_SCE_IRQHandler
                0x0000000008000288                TAMPER_IRQHandler
                0x0000000008000288                TIM8_UP_IRQHandler
                0x0000000008000288                DMA2_Channel2_IRQHandler
                0x0000000008000288                DMA1_Channel4_IRQHandler
                0x0000000008000288                RTC_IRQHandler
                0x0000000008000288                DMA1_Channel7_IRQHandler
                0x0000000008000288                UART5_IRQHandler
                0x0000000008000288                ADC3_IRQHandler
                0x0000000008000288                CAN_RX1_IRQHandler
                0x0000000008000288                DMA2_Channel1_IRQHandler
                0x0000000008000288                I2C1_EV_IRQHandler
                0x0000000008000288                DMA1_Channel6_IRQHandler
                0x0000000008000288                UART4_IRQHandler
                0x0000000008000288                RCC_IRQHandler
                0x0000000008000288                TIM1_TRG_COM_IRQHandler
                0x0000000008000288                DMA1_Channel1_IRQHandler
                0x0000000008000288                Default_Handler
                0x0000000008000288                TIM7_IRQHandler
                0x0000000008000288                TIM5_IRQHandler
                0x0000000008000288                SPI2_IRQHandler
                0x0000000008000288                USB_LP_CAN_RX0_IRQHandler
                0x0000000008000288                MemManage_Handler
                0x0000000008000288                SVC_Handler
                0x0000000008000288                DMA1_Channel5_IRQHandler
                0x0000000008000288                DMA1_Channel3_IRQHandler
                0x0000000008000288                FSMC_IRQHandler
                0x0000000008000288                TIM1_UP_IRQHandler
                0x0000000008000288                WWDG_IRQHandler
                0x0000000008000288                TIM1_BRK_IRQHandler
                0x0000000008000288                RTCAlarm_IRQHandler
                0x0000000008000288                DMA2_Channel4_5_IRQHandler
                0x0000000008000288                I2C2_ER_IRQHandler
                0x0000000008000288                DMA1_Channel2_IRQHandler
                0x0000000008000288                TIM8_BRK_IRQHandler
                0x0000000008000288                FLASH_IRQHandler
                0x0000000008000288                BusFault_Handler
                0x0000000008000288                SPI3_IRQHandler
                0x0000000008000288                I2C1_ER_IRQHandler
                0x0000000008000288                DMA2_Channel3_IRQHandler
 *fill*         0x000000000800028a        0x2 
 .text.EXTI0_IRQHandler
                0x000000000800028c       0x24 stm32f103x6_drivers/stm32f103x6_EXTI_driver.o
                0x000000000800028c                EXTI0_IRQHandler
 .text.EXTI1_IRQHandler
                0x00000000080002b0       0x24 stm32f103x6_drivers/stm32f103x6_EXTI_driver.o
                0x00000000080002b0                EXTI1_IRQHandler
 .text.EXTI2_IRQHandler
                0x00000000080002d4       0x24 stm32f103x6_drivers/stm32f103x6_EXTI_driver.o
                0x00000000080002d4                EXTI2_IRQHandler
 .text.EXTI3_IRQHandler
                0x00000000080002f8       0x24 stm32f103x6_drivers/stm32f103x6_EXTI_driver.o
                0x00000000080002f8                EXTI3_IRQHandler
 .text.EXTI4_IRQHandler
                0x000000000800031c       0x24 stm32f103x6_drivers/stm32f103x6_EXTI_driver.o
                0x000000000800031c                EXTI4_IRQHandler
 .text.EXTI9_5_IRQHandler
                0x0000000008000340       0xa8 stm32f103x6_drivers/stm32f103x6_EXTI_driver.o
                0x0000000008000340                EXTI9_5_IRQHandler
 .text.EXTI15_10_IRQHandler
                0x00000000080003e8       0xc4 stm32f103x6_drivers/stm32f103x6_EXTI_driver.o
                0x00000000080003e8                EXTI15_10_IRQHandler
 .text.MCAL_RCC_get_SYSCLK
                0x00000000080004ac       0x28 stm32f103x6_drivers/stm32f103x6_RCC_driver.o
                0x00000000080004ac                MCAL_RCC_get_SYSCLK
 .text.MCAL_RCC_get_HCLK
                0x00000000080004d4       0x3c stm32f103x6_drivers/stm32f103x6_RCC_driver.o
                0x00000000080004d4                MCAL_RCC_get_HCLK
 .text.MCAL_RCC_get_PCLK1
                0x0000000008000510       0x38 stm32f103x6_drivers/stm32f103x6_RCC_driver.o
                0x0000000008000510                MCAL_RCC_get_PCLK1
 .text.MCAL_RCC_get_PCLK2
                0x0000000008000548       0x38 stm32f103x6_drivers/stm32f103x6_RCC_driver.o
                0x0000000008000548                MCAL_RCC_get_PCLK2
 .text.MCAL_Timer_init
                0x0000000008000580      0x15c stm32f103x6_drivers/stm32f103x6_TIMER_2to5_driver.o
                0x0000000008000580                MCAL_Timer_init
 .text.MCAL_Timer_Start
                0x00000000080006dc       0xc0 stm32f103x6_drivers/stm32f103x6_TIMER_2to5_driver.o
                0x00000000080006dc                MCAL_Timer_Start
 .text.TIM2_IRQHandler
                0x000000000800079c       0x38 stm32f103x6_drivers/stm32f103x6_TIMER_2to5_driver.o
                0x000000000800079c                TIM2_IRQHandler
 .text.TIM3_IRQHandler
                0x00000000080007d4       0x38 stm32f103x6_drivers/stm32f103x6_TIMER_2to5_driver.o
                0x00000000080007d4                TIM3_IRQHandler
 .text.TIM4_IRQHandler
                0x000000000800080c       0x38 stm32f103x6_drivers/stm32f103x6_TIMER_2to5_driver.o
                0x000000000800080c                TIM4_IRQHandler
 .text.USART1_IRQHandler
                0x0000000008000844       0x14 stm32f103x6_drivers/stm32f103x6_USART_driver.o
                0x0000000008000844                USART1_IRQHandler
 .text.USART2_IRQHandler
                0x0000000008000858       0x14 stm32f103x6_drivers/stm32f103x6_USART_driver.o
                0x0000000008000858                USART2_IRQHandler
 .text.USART3_IRQHandler
                0x000000000800086c       0x14 stm32f103x6_drivers/stm32f103x6_USART_driver.o
                0x000000000800086c                USART3_IRQHandler
 .text.Get_CRLH_loc
                0x0000000008000880       0xc4 stm32f103x6_drivers/stm32f103x6_gpio_driver.o
                0x0000000008000880                Get_CRLH_loc
 .text.MCAL_GPIO_Init
                0x0000000008000944      0x124 stm32f103x6_drivers/stm32f103x6_gpio_driver.o
                0x0000000008000944                MCAL_GPIO_Init
 .text.MCAL_GPIO_Toggle_Pin
                0x0000000008000a68       0x22 stm32f103x6_drivers/stm32f103x6_gpio_driver.o
                0x0000000008000a68                MCAL_GPIO_Toggle_Pin
 *fill*         0x0000000008000a8a        0x2 
 .text.__libc_init_array
                0x0000000008000a8c       0x48 c:/st/stm32cubeide_1.4.0/stm32cubeide/plugins/com.st.stm32cube.ide.mcu.externaltools.gnu-tools-for-stm32.7-2018-q2-update.win32_1.4.0.202007081208/tools/bin/../lib/gcc/arm-none-eabi/7.3.1/../../../../arm-none-eabi/lib/thumb/v7-m\libc_nano.a(lib_a-init.o)
                0x0000000008000a8c                __libc_init_array
 *(.glue_7)
 .glue_7        0x0000000008000ad4        0x0 linker stubs
 *(.glue_7t)
 .glue_7t       0x0000000008000ad4        0x0 linker stubs
 *(.eh_frame)
 .eh_frame      0x0000000008000ad4        0x0 c:/st/stm32cubeide_1.4.0/stm32cubeide/plugins/com.st.stm32cube.ide.mcu.externaltools.gnu-tools-for-stm32.7-2018-q2-update.win32_1.4.0.202007081208/tools/bin/../lib/gcc/arm-none-eabi/7.3.1/thumb/v7-m/crtbegin.o
 *(.init)
 .init          0x0000000008000ad4        0x4 c:/st/stm32cubeide_1.4.0/stm32cubeide/plugins/com.st.stm32cube.ide.mcu.externaltools.gnu-tools-for-stm32.7-2018-q2-update.win32_1.4.0.202007081208/tools/bin/../lib/gcc/arm-none-eabi/7.3.1/thumb/v7-m/crti.o
                0x0000000008000ad4                _init
 .init          0x0000000008000ad8        0x8 c:/st/stm32cubeide_1.4.0/stm32cubeide/plugins/com.st.stm32cube.ide.mcu.externaltools.gnu-tools-for-stm32.7-2018-q2-update.win32_1.4.0.202007081208/tools/bin/../lib/gcc/arm-none-eabi/7.3.1/thumb/v7-m/crtn.o
 *(.fini)
 .fini          0x0000000008000ae0        0x4 c:/st/stm32cubeide_1.4.0/stm32cubeide/plugins/com.st.stm32cube.ide.mcu.externaltools.gnu-tools-for-stm32.7-2018-q2-update.win32_1.4.0.202007081208/tools/bin/../lib/gcc/arm-none-eabi/7.3.1/thumb/v7-m/crti.o
                0x0000000008000ae0                _fini
 .fini          0x0000000008000ae4        0x8 c:/st/stm32cubeide_1.4.0/stm32cubeide/plugins/com.st.stm32cube.ide.mcu.externaltools.gnu-tools-for-stm32.7-2018-q2-update.win32_1.4.0.202007081208/tools/bin/../lib/gcc/arm-none-eabi/7.3.1/thumb/v7-m/crtn.o
                0x0000000008000aec                . = ALIGN (0x4)
                0x0000000008000aec                _etext = .

.vfp11_veneer   0x0000000008000aec        0x0
 .vfp11_veneer  0x0000000008000aec        0x0 linker stubs

.v4_bx          0x0000000008000aec        0x0
 .v4_bx         0x0000000008000aec        0x0 linker stubs

.iplt           0x0000000008000aec        0x0
 .iplt          0x0000000008000aec        0x0 c:/st/stm32cubeide_1.4.0/stm32cubeide/plugins/com.st.stm32cube.ide.mcu.externaltools.gnu-tools-for-stm32.7-2018-q2-update.win32_1.4.0.202007081208/tools/bin/../lib/gcc/arm-none-eabi/7.3.1/thumb/v7-m/crtbegin.o

.rel.dyn        0x0000000008000aec        0x0
 .rel.iplt      0x0000000008000aec        0x0 c:/st/stm32cubeide_1.4.0/stm32cubeide/plugins/com.st.stm32cube.ide.mcu.externaltools.gnu-tools-for-stm32.7-2018-q2-update.win32_1.4.0.202007081208/tools/bin/../lib/gcc/arm-none-eabi/7.3.1/thumb/v7-m/crtbegin.o

.rodata         0x0000000008000aec        0x0
                0x0000000008000aec                . = ALIGN (0x4)
 *(.rodata)
 *(.rodata*)
                0x0000000008000aec                . = ALIGN (0x4)

.ARM.extab      0x0000000008000aec        0x0
                0x0000000008000aec                . = ALIGN (0x4)
 *(.ARM.extab* .gnu.linkonce.armextab.*)
                0x0000000008000aec                . = ALIGN (0x4)

.ARM            0x0000000008000aec        0x0
                0x0000000008000aec                . = ALIGN (0x4)
                0x0000000008000aec                __exidx_start = .
 *(.ARM.exidx*)
                0x0000000008000aec                __exidx_end = .
                0x0000000008000aec                . = ALIGN (0x4)

.preinit_array  0x0000000008000aec        0x0
                0x0000000008000aec                . = ALIGN (0x4)
                0x0000000008000aec                PROVIDE (__preinit_array_start = .)
 *(.preinit_array*)
                0x0000000008000aec                PROVIDE (__preinit_array_end = .)
                0x0000000008000aec                . = ALIGN (0x4)

.init_array     0x0000000008000aec        0x4
                0x0000000008000aec                . = ALIGN (0x4)
                0x0000000008000aec                PROVIDE (__init_array_start = .)
 *(SORT_BY_NAME(.init_array.*))
 *(.init_array*)
 .init_array    0x0000000008000aec        0x4 c:/st/stm32cubeide_1.4.0/stm32cubeide/plugins/com.st.stm32cube.ide.mcu.externaltools.gnu-tools-for-stm32.7-2018-q2-update.win32_1.4.0.202007081208/tools/bin/../lib/gcc/arm-none-eabi/7.3.1/thumb/v7-m/crtbegin.o
                0x0000000008000af0                PROVIDE (__init_array_end = .)
                0x0000000008000af0                . = ALIGN (0x4)

.fini_array     0x0000000008000af0        0x4
                0x0000000008000af0                . = ALIGN (0x4)
                [!provide]                        PROVIDE (__fini_array_start = .)
 *(SORT_BY_NAME(.fini_array.*))
 *(.fini_array*)
 .fini_array    0x0000000008000af0        0x4 c:/st/stm32cubeide_1.4.0/stm32cubeide/plugins/com.st.stm32cube.ide.mcu.externaltools.gnu-tools-for-stm32.7-2018-q2-update.win32_1.4.0.202007081208/tools/bin/../lib/gcc/arm-none-eabi/7.3.1/thumb/v7-m/crtbegin.o
                [!provide]                        PROVIDE (__fini_array_end = .)
                0x0000000008000af4                . = ALIGN (0x4)
                0x0000000008000af4                _sidata = LOADADDR (.data)

.data           0x0000000020000000       0x28 load address 0x0000000008000af4
                0x0000000020000000                . = ALIGN (0x4)
                0x0000000020000000                _sdata = .
 *(.data)
 *(.data*)
 .data.AHB_Prescaler
                0x0000000020000000       0x20 stm32f103x6_drivers/stm32f103x6_RCC_driver.o
                0x0000000020000000                AHB_Prescaler
 .data.APB_1_or_2_Prescaler
                0x0000000020000020        0x8 stm32f103x6_drivers/stm32f103x6_RCC_driver.o
                0x0000000020000020                APB_1_or_2_Prescaler
                0x0000000020000028                . = ALIGN (0x4)
                0x0000000020000028                _edata = .

.igot.plt       0x0000000020000028        0x0 load address 0x0000000008000b1c
 .igot.plt      0x0000000020000028        0x0 c:/st/stm32cubeide_1.4.0/stm32cubeide/plugins/com.st.stm32cube.ide.mcu.externaltools.gnu-tools-for-stm32.7-2018-q2-update.win32_1.4.0.202007081208/tools/bin/../lib/gcc/arm-none-eabi/7.3.1/thumb/v7-m/crtbegin.o
                0x0000000020000028                . = ALIGN (0x4)

.bss            0x0000000020000028       0xfc load address 0x0000000008000b1c
                0x0000000020000028                _sbss = .
                0x0000000020000028                __bss_start__ = _sbss
 *(.bss)
 .bss           0x0000000020000028       0x1c c:/st/stm32cubeide_1.4.0/stm32cubeide/plugins/com.st.stm32cube.ide.mcu.externaltools.gnu-tools-for-stm32.7-2018-q2-update.win32_1.4.0.202007081208/tools/bin/../lib/gcc/arm-none-eabi/7.3.1/thumb/v7-m/crtbegin.o
 *(.bss*)
 *(COMMON)
 COMMON         0x0000000020000044       0x3c stm32f103x6_drivers/stm32f103x6_EXTI_driver.o
                0x0000000020000044                GP_IRQ_Callback_FUNS
 COMMON         0x0000000020000080       0x44 stm32f103x6_drivers/stm32f103x6_TIMER_2to5_driver.o
                0x0000000020000080                G_Counter_Val
                0x0000000020000088                G_TIM_Config
 COMMON         0x00000000200000c4       0x60 stm32f103x6_drivers/stm32f103x6_USART_driver.o
                0x00000000200000c4                Global_USARTS_config
                0x0000000020000124                . = ALIGN (0x4)
                0x0000000020000124                _ebss = .
                0x0000000020000124                __bss_end__ = _ebss

._user_heap_stack
                0x0000000020000124      0x604 load address 0x0000000008000b1c
                0x0000000020000128                . = ALIGN (0x8)
 *fill*         0x0000000020000124        0x4 
                [!provide]                        PROVIDE (end = .)
                0x0000000020000128                PROVIDE (_end = .)
                0x0000000020000328                . = (. + _Min_Heap_Size)
 *fill*         0x0000000020000128      0x200 
                0x0000000020000728                . = (. + _Min_Stack_Size)
 *fill*         0x0000000020000328      0x400 
                0x0000000020000728                . = ALIGN (0x8)

/DISCARD/
 libc.a(*)
 libm.a(*)
 libgcc.a(*)

.ARM.attributes
                0x0000000000000000       0x29
 *(.ARM.attributes)
 .ARM.attributes
                0x0000000000000000       0x1d c:/st/stm32cubeide_1.4.0/stm32cubeide/plugins/com.st.stm32cube.ide.mcu.externaltools.gnu-tools-for-stm32.7-2018-q2-update.win32_1.4.0.202007081208/tools/bin/../lib/gcc/arm-none-eabi/7.3.1/thumb/v7-m/crti.o
 .ARM.attributes
                0x000000000000001d       0x2d c:/st/stm32cubeide_1.4.0/stm32cubeide/plugins/com.st.stm32cube.ide.mcu.externaltools.gnu-tools-for-stm32.7-2018-q2-update.win32_1.4.0.202007081208/tools/bin/../lib/gcc/arm-none-eabi/7.3.1/thumb/v7-m/crtbegin.o
 .ARM.attributes
                0x000000000000004a       0x33 Src/main.o
 .ARM.attributes
                0x000000000000007d       0x21 Startup/startup_stm32f103c6tx.o
 .ARM.attributes
                0x000000000000009e       0x33 stm32f103x6_drivers/stm32f103x6_EXTI_driver.o
 .ARM.attributes
                0x00000000000000d1       0x33 stm32f103x6_drivers/stm32f103x6_RCC_driver.o
 .ARM.attributes
                0x0000000000000104       0x33 stm32f103x6_drivers/stm32f103x6_TIMER_2to5_driver.o
 .ARM.attributes
                0x0000000000000137       0x33 stm32f103x6_drivers/stm32f103x6_USART_driver.o
 .ARM.attributes
                0x000000000000016a       0x33 stm32f103x6_drivers/stm32f103x6_gpio_driver.o
 .ARM.attributes
                0x000000000000019d       0x2d c:/st/stm32cubeide_1.4.0/stm32cubeide/plugins/com.st.stm32cube.ide.mcu.externaltools.gnu-tools-for-stm32.7-2018-q2-update.win32_1.4.0.202007081208/tools/bin/../lib/gcc/arm-none-eabi/7.3.1/../../../../arm-none-eabi/lib/thumb/v7-m\libc_nano.a(lib_a-init.o)
 .ARM.attributes
                0x00000000000001ca       0x1d c:/st/stm32cubeide_1.4.0/stm32cubeide/plugins/com.st.stm32cube.ide.mcu.externaltools.gnu-tools-for-stm32.7-2018-q2-update.win32_1.4.0.202007081208/tools/bin/../lib/gcc/arm-none-eabi/7.3.1/thumb/v7-m/crtn.o
OUTPUT(drivers.elf elf32-littlearm)

.debug_info     0x0000000000000000     0x4f67
 .debug_info    0x0000000000000000      0xd51 Src/main.o
 .debug_info    0x0000000000000d51       0x22 Startup/startup_stm32f103c6tx.o
 .debug_info    0x0000000000000d73      0xdb7 stm32f103x6_drivers/stm32f103x6_EXTI_driver.o
 .debug_info    0x0000000000001b2a      0xbb2 stm32f103x6_drivers/stm32f103x6_RCC_driver.o
 .debug_info    0x00000000000026dc      0xdba stm32f103x6_drivers/stm32f103x6_TIMER_2to5_driver.o
 .debug_info    0x0000000000003496      0xe21 stm32f103x6_drivers/stm32f103x6_USART_driver.o
 .debug_info    0x00000000000042b7      0xcb0 stm32f103x6_drivers/stm32f103x6_gpio_driver.o

.debug_abbrev   0x0000000000000000      0xb50
 .debug_abbrev  0x0000000000000000      0x1a4 Src/main.o
 .debug_abbrev  0x00000000000001a4       0x12 Startup/startup_stm32f103c6tx.o
 .debug_abbrev  0x00000000000001b6      0x20e stm32f103x6_drivers/stm32f103x6_EXTI_driver.o
 .debug_abbrev  0x00000000000003c4      0x1bb stm32f103x6_drivers/stm32f103x6_RCC_driver.o
 .debug_abbrev  0x000000000000057f      0x1e9 stm32f103x6_drivers/stm32f103x6_TIMER_2to5_driver.o
 .debug_abbrev  0x0000000000000768      0x20a stm32f103x6_drivers/stm32f103x6_USART_driver.o
 .debug_abbrev  0x0000000000000972      0x1de stm32f103x6_drivers/stm32f103x6_gpio_driver.o

.debug_loc      0x0000000000000000      0xc70
 .debug_loc     0x0000000000000000       0x64 Src/main.o
 .debug_loc     0x0000000000000064      0x320 stm32f103x6_drivers/stm32f103x6_EXTI_driver.o
 .debug_loc     0x0000000000000384      0x14c stm32f103x6_drivers/stm32f103x6_RCC_driver.o
 .debug_loc     0x00000000000004d0      0x238 stm32f103x6_drivers/stm32f103x6_TIMER_2to5_driver.o
 .debug_loc     0x0000000000000708      0x238 stm32f103x6_drivers/stm32f103x6_USART_driver.o
 .debug_loc     0x0000000000000940      0x330 stm32f103x6_drivers/stm32f103x6_gpio_driver.o

.debug_aranges  0x0000000000000000      0x218
 .debug_aranges
                0x0000000000000000       0x28 Src/main.o
 .debug_aranges
                0x0000000000000028       0x28 Startup/startup_stm32f103c6tx.o
 .debug_aranges
                0x0000000000000050       0x80 stm32f103x6_drivers/stm32f103x6_EXTI_driver.o
 .debug_aranges
                0x00000000000000d0       0x38 stm32f103x6_drivers/stm32f103x6_RCC_driver.o
 .debug_aranges
                0x0000000000000108       0x58 stm32f103x6_drivers/stm32f103x6_TIMER_2to5_driver.o
 .debug_aranges
                0x0000000000000160       0x58 stm32f103x6_drivers/stm32f103x6_USART_driver.o
 .debug_aranges
                0x00000000000001b8       0x60 stm32f103x6_drivers/stm32f103x6_gpio_driver.o

.debug_ranges   0x0000000000000000      0x1d8
 .debug_ranges  0x0000000000000000       0x18 Src/main.o
 .debug_ranges  0x0000000000000018       0x20 Startup/startup_stm32f103c6tx.o
 .debug_ranges  0x0000000000000038       0x70 stm32f103x6_drivers/stm32f103x6_EXTI_driver.o
 .debug_ranges  0x00000000000000a8       0x28 stm32f103x6_drivers/stm32f103x6_RCC_driver.o
 .debug_ranges  0x00000000000000d0       0x48 stm32f103x6_drivers/stm32f103x6_TIMER_2to5_driver.o
 .debug_ranges  0x0000000000000118       0x70 stm32f103x6_drivers/stm32f103x6_USART_driver.o
 .debug_ranges  0x0000000000000188       0x50 stm32f103x6_drivers/stm32f103x6_gpio_driver.o

.debug_macro    0x0000000000000000      0xdb0
 .debug_macro   0x0000000000000000      0x19c Src/main.o
 .debug_macro   0x000000000000019c       0xbe Src/main.o
 .debug_macro   0x000000000000025a      0x220 Src/main.o
 .debug_macro   0x000000000000047a       0xe8 Src/main.o
 .debug_macro   0x0000000000000562       0x76 Src/main.o
 .debug_macro   0x00000000000005d8       0x94 Src/main.o
 .debug_macro   0x000000000000066c       0x6a Src/main.o
 .debug_macro   0x00000000000006d6      0x14e stm32f103x6_drivers/stm32f103x6_EXTI_driver.o
 .debug_macro   0x0000000000000824      0x140 stm32f103x6_drivers/stm32f103x6_RCC_driver.o
 .debug_macro   0x0000000000000964      0x148 stm32f103x6_drivers/stm32f103x6_TIMER_2to5_driver.o
 .debug_macro   0x0000000000000aac       0x70 stm32f103x6_drivers/stm32f103x6_TIMER_2to5_driver.o
 .debug_macro   0x0000000000000b1c      0x151 stm32f103x6_drivers/stm32f103x6_USART_driver.o
 .debug_macro   0x0000000000000c6d      0x143 stm32f103x6_drivers/stm32f103x6_gpio_driver.o

.debug_line     0x0000000000000000     0x279e
 .debug_line    0x0000000000000000      0x661 Src/main.o
 .debug_line    0x0000000000000661       0x84 Startup/startup_stm32f103c6tx.o
 .debug_line    0x00000000000006e5      0x72b stm32f103x6_drivers/stm32f103x6_EXTI_driver.o
 .debug_line    0x0000000000000e10      0x598 stm32f103x6_drivers/stm32f103x6_RCC_driver.o
 .debug_line    0x00000000000013a8      0x650 stm32f103x6_drivers/stm32f103x6_TIMER_2to5_driver.o
 .debug_line    0x00000000000019f8      0x75f stm32f103x6_drivers/stm32f103x6_USART_driver.o
 .debug_line    0x0000000000002157      0x647 stm32f103x6_drivers/stm32f103x6_gpio_driver.o

.debug_str      0x0000000000000000     0xbe43
 .debug_str     0x0000000000000000     0xb6ae Src/main.o
                                       0xb90f (size before relaxing)
 .debug_str     0x000000000000b6ae       0x31 Startup/startup_stm32f103c6tx.o
                                         0x5c (size before relaxing)
 .debug_str     0x000000000000b6df      0x28d stm32f103x6_drivers/stm32f103x6_EXTI_driver.o
                                       0xaa7a (size before relaxing)
 .debug_str     0x000000000000b96c       0xe2 stm32f103x6_drivers/stm32f103x6_RCC_driver.o
                                       0x93de (size before relaxing)
 .debug_str     0x000000000000ba4e      0x118 stm32f103x6_drivers/stm32f103x6_TIMER_2to5_driver.o
                                       0x981c (size before relaxing)
 .debug_str     0x000000000000bb66      0x1ac stm32f103x6_drivers/stm32f103x6_USART_driver.o
                                       0x9f4e (size before relaxing)
 .debug_str     0x000000000000bd12      0x131 stm32f103x6_drivers/stm32f103x6_gpio_driver.o
                                       0x9739 (size before relaxing)

.comment        0x0000000000000000       0x7b
 .comment       0x0000000000000000       0x7b Src/main.o
                                         0x7c (size before relaxing)
 .comment       0x000000000000007b       0x7c stm32f103x6_drivers/stm32f103x6_EXTI_driver.o
 .comment       0x000000000000007b       0x7c stm32f103x6_drivers/stm32f103x6_RCC_driver.o
 .comment       0x000000000000007b       0x7c stm32f103x6_drivers/stm32f103x6_TIMER_2to5_driver.o
 .comment       0x000000000000007b       0x7c stm32f103x6_drivers/stm32f103x6_USART_driver.o
 .comment       0x000000000000007b       0x7c stm32f103x6_drivers/stm32f103x6_gpio_driver.o

.debug_frame    0x0000000000000000      0x6a0
 .debug_frame   0x0000000000000000       0x4c Src/main.o
 .debug_frame   0x000000000000004c      0x1b0 stm32f103x6_drivers/stm32f103x6_EXTI_driver.o
 .debug_frame   0x00000000000001fc       0xa4 stm32f103x6_drivers/stm32f103x6_RCC_driver.o
 .debug_frame   0x00000000000002a0      0x128 stm32f103x6_drivers/stm32f103x6_TIMER_2to5_driver.o
 .debug_frame   0x00000000000003c8      0x134 stm32f103x6_drivers/stm32f103x6_USART_driver.o
 .debug_frame   0x00000000000004fc      0x178 stm32f103x6_drivers/stm32f103x6_gpio_driver.o
 .debug_frame   0x0000000000000674       0x2c c:/st/stm32cubeide_1.4.0/stm32cubeide/plugins/com.st.stm32cube.ide.mcu.externaltools.gnu-tools-for-stm32.7-2018-q2-update.win32_1.4.0.202007081208/tools/bin/../lib/gcc/arm-none-eabi/7.3.1/../../../../arm-none-eabi/lib/thumb/v7-m\libc_nano.a(lib_a-init.o)
