
Memory Configuration

Name             Origin             Length             Attributes
flash            0x00000000         0x00020000         xr
Sram             0x20000000         0x00005000         xrw
*default*        0x00000000         0xffffffff

Linker script and memory map


.text           0x00000000      0x1a0
 *(.vectors)
 .vectors       0x00000000       0x1c startup.o
                0x00000000                vectors
 *(.text)
 .text          0x0000001c       0xbc startup.o
                0x0000001c                reset_Handler
                0x000000cc                Default_Handler
                0x000000cc                MM_Handler
                0x000000cc                Usage_Fault_Handler
                0x000000cc                H_Handler
                0x000000cc                Bus_Handler
                0x000000cc                NMI_Handler
 .text          0x000000d8       0xc8 led_toggling_Tiva_c.o
                0x000000d8                main
 *(.rodata)
                0x000001a0                . = ALIGN (0x4)
                0x000001a0                _E_text = .

.glue_7         0x000001a0        0x0
 .glue_7        0x00000000        0x0 linker stubs

.glue_7t        0x000001a0        0x0
 .glue_7t       0x00000000        0x0 linker stubs

.vfp11_veneer   0x000001a0        0x0
 .vfp11_veneer  0x00000000        0x0 linker stubs

.v4_bx          0x000001a0        0x0
 .v4_bx         0x00000000        0x0 linker stubs

.iplt           0x000001a0        0x0
 .iplt          0x00000000        0x0 startup.o

.rel.dyn        0x000001a0        0x0
 .rel.iplt      0x00000000        0x0 startup.o

.data           0x20000000        0x0 load address 0x000001a0
                0x20000000                _S_data = .
 *(.data)
 .data          0x20000000        0x0 startup.o
 .data          0x20000000        0x0 led_toggling_Tiva_c.o
                0x20000000                . = ALIGN (0x4)
                0x20000000                _E_data = .

.igot.plt       0x20000000        0x0 load address 0x000001a0
 .igot.plt      0x00000000        0x0 startup.o

.bss            0x20000000      0x400 load address 0x000001a0
                0x20000000                _S_bss = .
 *(.bss)
 .bss           0x20000000      0x400 startup.o
 .bss           0x20000400        0x0 led_toggling_Tiva_c.o
                0x20000400                . = ALIGN (0x4)
                0x20000400                _E_bss = .
LOAD startup.o
LOAD led_toggling_Tiva_c.o
OUTPUT(led_toggling.elf elf32-littlearm)

.debug_info     0x00000000      0x1ec
 .debug_info    0x00000000      0x192 startup.o
 .debug_info    0x00000192       0x5a led_toggling_Tiva_c.o

.debug_abbrev   0x00000000      0x12d
 .debug_abbrev  0x00000000       0xe0 startup.o
 .debug_abbrev  0x000000e0       0x4d led_toggling_Tiva_c.o

.debug_loc      0x00000000       0x9c
 .debug_loc     0x00000000       0x64 startup.o
 .debug_loc     0x00000064       0x38 led_toggling_Tiva_c.o

.debug_aranges  0x00000000       0x40
 .debug_aranges
                0x00000000       0x20 startup.o
 .debug_aranges
                0x00000020       0x20 led_toggling_Tiva_c.o

.debug_line     0x00000000       0xd9
 .debug_line    0x00000000       0x67 startup.o
 .debug_line    0x00000067       0x72 led_toggling_Tiva_c.o

.debug_str      0x00000000      0x15e
 .debug_str     0x00000000      0x13c startup.o
                                0x170 (size before relaxing)
 .debug_str     0x0000013c       0x22 led_toggling_Tiva_c.o
                                 0x94 (size before relaxing)

.comment        0x00000000       0x11
 .comment       0x00000000       0x11 startup.o
                                 0x12 (size before relaxing)
 .comment       0x00000000       0x12 led_toggling_Tiva_c.o

.ARM.attributes
                0x00000000       0x33
 .ARM.attributes
                0x00000000       0x33 startup.o
 .ARM.attributes
                0x00000033       0x33 led_toggling_Tiva_c.o

.debug_frame    0x00000000       0x78
 .debug_frame   0x00000000       0x4c startup.o
 .debug_frame   0x0000004c       0x2c led_toggling_Tiva_c.o
