../stm32f103x6_drivers/stm32f103x6_EXTI_driver.c:33:6:GPIO_Update	24	static
../stm32f103x6_drivers/stm32f103x6_EXTI_driver.c:89:6:MCAL_EXTI_GPIO_Init	16	static
../stm32f103x6_drivers/stm32f103x6_EXTI_driver.c:94:6:MCAL_EXTI_GPIO_Update	16	static
../stm32f103x6_drivers/stm32f103x6_EXTI_driver.c:98:6:MCAL_EXTI_GPIO_DeInit	4	static
../stm32f103x6_drivers/stm32f103x6_EXTI_driver.c:117:6:EXTI0_IRQHandler	8	static
../stm32f103x6_drivers/stm32f103x6_EXTI_driver.c:125:6:EXTI1_IRQHandler	8	static
../stm32f103x6_drivers/stm32f103x6_EXTI_driver.c:134:6:EXTI2_IRQHandler	8	static
../stm32f103x6_drivers/stm32f103x6_EXTI_driver.c:143:6:EXTI3_IRQHandler	8	static
../stm32f103x6_drivers/stm32f103x6_EXTI_driver.c:152:6:EXTI4_IRQHandler	8	static
../stm32f103x6_drivers/stm32f103x6_EXTI_driver.c:161:6:EXTI9_5_IRQHandler	8	static
../stm32f103x6_drivers/stm32f103x6_EXTI_driver.c:171:6:EXTI15_10_IRQHandler	8	static
